 addon

 Timestamp is 57d62705 (Mon Sep 12 12:54:45 2016)

 Preferred load address is 0000000180000000

 Start         Length     Name                   Class
 0001:00000000 0000e7e7H .text$mn                CODE
 0001:0000e7f0 00000312H .text$x                 CODE
 0002:00000000 00000268H .idata$5                DATA
 0002:00000268 00000008H .CRT$XCA                DATA
 0002:00000270 00000008H .CRT$XCU                DATA
 0002:00000278 00000008H .CRT$XCZ                DATA
 0002:00000280 00000008H .CRT$XIA                DATA
 0002:00000288 00000020H .CRT$XIC                DATA
 0002:000002a8 00000008H .CRT$XIZ                DATA
 0002:000002b0 00000008H .CRT$XPA                DATA
 0002:000002b8 00000010H .CRT$XPX                DATA
 0002:000002c8 00000008H .CRT$XPXA               DATA
 0002:000002d0 00000008H .CRT$XPZ                DATA
 0002:000002d8 00000008H .CRT$XTA                DATA
 0002:000002e0 00000008H .CRT$XTZ                DATA
 0002:000002f0 000051f0H .rdata                  DATA
 0002:000054e0 00000068H .rdata$debug            DATA
 0002:00005548 00000008H .rtc$IAA                DATA
 0002:00005550 00000008H .rtc$IZZ                DATA
 0002:00005558 00000008H .rtc$TAA                DATA
 0002:00005560 00000008H .rtc$TZZ                DATA
 0002:00005568 00000bccH .xdata                  DATA
 0002:00006134 00000020H .didat$2                DATA
 0002:00006154 00000020H .didat$3                DATA
 0002:00006178 00000050H .didat$4                DATA
 0002:000061c8 00000252H .didat$6                DATA
 0002:00006420 00000050H .didat$7                DATA
 0002:00006470 0000004eH .edata                  DATA
 0002:000064c0 00000014H .idata$2                DATA
 0002:000064d4 00000014H .idata$3                DATA
 0002:000064e8 00000268H .idata$4                DATA
 0002:00006750 00000590H .idata$6                DATA
 0003:00000000 00001700H .data                   DATA
 0003:00001700 00000050H .didat$5                DATA
 0003:00001760 000023f8H .bss                    DATA
 0004:00000000 00000b7cH .pdata                  DATA
 0005:00000000 00000058H .rsrc$01                DATA
 0005:00000060 00000180H .rsrc$02                DATA

  Address         Publics by Value              Rva+Base               Lib:Object

 0000:00000000       __guard_fids_count         0000000000000000     <absolute>
 0000:00000000       ___safe_se_handler_count   0000000000000000     <absolute>
 0000:00000000       __guard_flags              0000000000000000     <absolute>
 0000:00000000       __guard_fids_table         0000000000000000     <absolute>
 0000:00000000       ___safe_se_handler_table   0000000000000000     <absolute>
 0000:00000000       __ImageBase                0000000180000000     <linker-defined>
 0001:00000000       ?Method@@YAXAEBV?$FunctionCallbackInfo@VValue@v8@@@v8@@@Z 0000000180001000 f   addon.obj
 0001:000000c0       ?Method2@@YAXAEBV?$FunctionCallbackInfo@VValue@v8@@@v8@@@Z 00000001800010c0 f   addon.obj
 0001:00000350       ?init@@YAXV?$Local@VObject@v8@@@v8@@@Z 0000000180001350 f   addon.obj
 0001:0000051c       __imp_load_node_module_register 000000018000151c f   node:node.exe
 0001:00000528       __tailMerge_node_exe       0000000180001528 f i node:node.exe
 0001:000005a1       __imp_load_?GetFunction@FunctionTemplate@v8@@QEAA?AV?$Local@VFunction@v8@@@2@XZ 00000001800015a1 f   node:node.exe
 0001:000005ad       __imp_load_?New@FunctionTemplate@v8@@SA?AV?$Local@VFunctionTemplate@v8@@@2@PEAVIsolate@2@P6AXAEBV?$FunctionCallbackInfo@VValue@v8@@@2@@ZV?$Local@VValue@v8@@@2@V?$Local@VSignature@v8@@@2@H@Z 00000001800015ad f   node:node.exe
 0001:000005b9       __imp_load_?NewFromUtf8@String@v8@@SA?AV?$Local@VString@v8@@@2@PEAVIsolate@2@PEBDW4NewStringType@12@H@Z 00000001800015b9 f   node:node.exe
 0001:000005c5       __imp_load_??1HandleScope@v8@@QEAA@XZ 00000001800015c5 f   node:node.exe
 0001:000005d1       __imp_load_??0HandleScope@v8@@QEAA@PEAVIsolate@1@@Z 00000001800015d1 f   node:node.exe
 0001:000005dd       __imp_load_?Set@Object@v8@@QEAA_NV?$Local@VValue@v8@@@2@0@Z 00000001800015dd f   node:node.exe
 0001:000005e9       __imp_load_?SetName@Function@v8@@QEAAXV?$Local@VString@v8@@@2@@Z 00000001800015e9 f   node:node.exe
 0001:000005f5       __imp_load_?GetCurrent@Isolate@v8@@SAPEAV12@XZ 00000001800015f5 f   node:node.exe
 0001:00000620       __security_check_cookie    0000000180001620 f   LIBCMT:amdsecgs.obj
 0001:00000640       _popen                     0000000180001640 f   LIBCMT:popen.obj
 0001:00000d5c       _fread_nolock_s            0000000180001d5c f   LIBCMT:fread.obj
 0001:00000f7c       fread                      0000000180001f7c f   LIBCMT:fread.obj
 0001:00000f9c       fread_s                    0000000180001f9c f   LIBCMT:fread.obj
 0001:00001044       __raise_securityfailure    0000000180002044 f   LIBCMT:gs_report.obj
 0001:00001090       __report_gsfailure         0000000180002090 f   LIBCMT:gs_report.obj
 0001:00001164       __report_rangecheckfailure 0000000180002164 f   LIBCMT:gs_report.obj
 0001:00001178       __report_securityfailure   0000000180002178 f   LIBCMT:gs_report.obj
 0001:00001214       _fclose_nolock             0000000180002214 f   LIBCMT:fclose.obj
 0001:00001290       fclose                     0000000180002290 f   LIBCMT:fclose.obj
 0001:000012f8       ??0_LocaleUpdate@@QEAA@PEAUlocaleinfo_struct@@@Z 00000001800022f8 f i LIBCMT:stricmp.obj
 0001:000013a0       __ascii_stricmp            00000001800023a0 f   LIBCMT:stricmp.obj
 0001:000013dc       _stricmp                   00000001800023dc f   LIBCMT:stricmp.obj
 0001:00001424       _stricmp_l                 0000000180002424 f   LIBCMT:stricmp.obj
 0001:000014d8       _CRT_INIT                  00000001800024d8 f   LIBCMT:dllcrt0.obj
 0001:00001638       _DllMainCRTStartup         0000000180002638 f   LIBCMT:dllcrt0.obj
 0001:00001798       _call_reportfault          0000000180002798 f   LIBCMT:invarg.obj
 0001:0000188c       _initp_misc_invarg         000000018000288c f   LIBCMT:invarg.obj
 0001:00001894       _invalid_parameter         0000000180002894 f   LIBCMT:invarg.obj
 0001:000018fc       _invalid_parameter_noinfo  00000001800028fc f   LIBCMT:invarg.obj
 0001:0000191c       _invoke_watson             000000018000291c f   LIBCMT:invarg.obj
 0001:00001958       _fdopen                    0000000180002958 f   LIBCMT:fdopen.obj
 0001:00001b0c       __doserrno                 0000000180002b0c f   LIBCMT:dosmap.obj
 0001:00001b2c       _dosmaperr                 0000000180002b2c f   LIBCMT:dosmap.obj
 0001:00001b7c       _errno                     0000000180002b7c f   LIBCMT:dosmap.obj
 0001:00001b9c       _get_errno_from_oserr      0000000180002b9c f   LIBCMT:dosmap.obj
 0001:00001bec       _dupenv_s                  0000000180002bec f   LIBCMT:getenv.obj
 0001:00001cf0       _getenv_helper_nolock      0000000180002cf0 f   LIBCMT:getenv.obj
 0001:00001d94       free                       0000000180002d94 f   LIBCMT:free.obj
 0001:00001dd4       _access_s                  0000000180002dd4 f   LIBCMT:access.obj
 0001:00001e2c       _close                     0000000180002e2c f   LIBCMT:close.obj
 0001:00001ef0       _close_nolock              0000000180002ef0 f   LIBCMT:close.obj
 0001:00001fac       _pipe                      0000000180002fac f   LIBCMT:pipe.obj
 0001:000022a0       memset                     00000001800032a0 f   LIBCMT:memset.obj
 0001:000024cc       strcpy_s                   00000001800034cc f   LIBCMT:strcpy_s.obj
 0001:00002530       strcat_s                   0000000180003530 f   LIBCMT:strcat_s.obj
 0001:000025c0       strlen                     00000001800035c0 f   LIBCMT:strlen.obj
 0001:00002668       _lock                      0000000180003668 f   LIBCMT:mlock.obj
 0001:000026ac       _mtdeletelocks             00000001800036ac f   LIBCMT:mlock.obj
 0001:00002734       _mtinitlocknum             0000000180003734 f   LIBCMT:mlock.obj
 0001:000027f4       _mtinitlocks               00000001800037f4 f   LIBCMT:mlock.obj
 0001:00002858       _unlock                    0000000180003858 f   LIBCMT:mlock.obj
 0001:00002870       _getpath                   0000000180003870 f   LIBCMT:getpath.obj
 0001:00002928       _mbsrchr                   0000000180003928 f   LIBCMT:mbsrchr.obj
 0001:00002930       _mbsrchr_l                 0000000180003930 f   LIBCMT:mbsrchr.obj
 0001:000029ec       _calloc_crt                00000001800039ec f   LIBCMT:crtheap.obj
 0001:00002a6c       _malloc_crt                0000000180003a6c f   LIBCMT:crtheap.obj
 0001:00002ae8       _realloc_crt               0000000180003ae8 f   LIBCMT:crtheap.obj
 0001:00002b6c       _recalloc_crt              0000000180003b6c f   LIBCMT:crtheap.obj
 0001:00002bf0       __C_specific_handler       0000000180003bf0 f   LIBCMT:chandler.obj
 0001:00002dd4       _ioinit                    0000000180003dd4 f   LIBCMT:ioinit.obj
 0001:00003104       _ioterm                    0000000180004104 f   LIBCMT:ioinit.obj
 0001:00003178       _filbuf                    0000000180004178 f   LIBCMT:_filbuf.obj
 0001:000032bc       _fileno                    00000001800042bc f   LIBCMT:fileno.obj
 0001:000032e4       __initstdio                00000001800042e4 f   LIBCMT:_file.obj
 0001:0000337c       __endstdio                 000000018000437c f   LIBCMT:_file.obj
 0001:000033ac       _lock_file                 00000001800043ac f   LIBCMT:_file.obj
 0001:00003414       _lock_file2                0000000180004414 f   LIBCMT:_file.obj
 0001:00003448       _unlock_file               0000000180004448 f   LIBCMT:_file.obj
 0001:00003498       _unlock_file2              0000000180004498 f   LIBCMT:_file.obj
 0001:000034b8       memcpy_s                   00000001800044b8 f   LIBCMT:memcpy_s.obj
 0001:00003540       _read                      0000000180004540 f   LIBCMT:read.obj
 0001:0000365c       _read_nolock               000000018000465c f   LIBCMT:read.obj
 0001:00003ecc       __crt_debugger_hook        0000000180004ecc f   LIBCMT:dbghook.obj
 0001:00003ed4       __crtCaptureCurrentContext 0000000180004ed4 f   LIBCMT:winapisupp.obj
 0001:00003f44       __crtCapturePreviousContext 0000000180004f44 f   LIBCMT:winapisupp.obj
 0001:00003fb8       __crtFlsAlloc              0000000180004fb8 f   LIBCMT:winapisupp.obj
 0001:00003fd4       __crtFlsFree               0000000180004fd4 f   LIBCMT:winapisupp.obj
 0001:00003ff0       __crtFlsGetValue           0000000180004ff0 f   LIBCMT:winapisupp.obj
 0001:0000400c       __crtFlsSetValue           000000018000500c f   LIBCMT:winapisupp.obj
 0001:00004028       __crtInitializeCriticalSectionEx 0000000180005028 f   LIBCMT:winapisupp.obj
 0001:00004054       __crtIsPackagedApp         0000000180005054 f   LIBCMT:winapisupp.obj
 0001:000040a0       __crtLoadWinApiPointers    00000001800050a0 f   LIBCMT:winapisupp.obj
 0001:0000449c       __crtSleep                 000000018000549c f   LIBCMT:winapisupp.obj
 0001:000044a4       __crtTerminateProcess      00000001800054a4 f   LIBCMT:winapisupp.obj
 0001:000044c4       __crtUnhandledException    00000001800054c4 f   LIBCMT:winapisupp.obj
 0001:000044e4       _freebuf                   00000001800054e4 f   LIBCMT:_freebuf.obj
 0001:0000451c       _fflush_nolock             000000018000551c f   LIBCMT:fflush.obj
 0001:00004568       _flush                     0000000180005568 f   LIBCMT:fflush.obj
 0001:000045e4       _flushall                  00000001800055e4 f   LIBCMT:fflush.obj
 0001:000046d8       __addlocaleref             00000001800056d8 f   LIBCMT:localref.obj
 0001:00004764       __freetlocinfo             0000000180005764 f   LIBCMT:localref.obj
 0001:000048fc       __removelocaleref          00000001800058fc f   LIBCMT:localref.obj
 0001:000049a0       __updatetlocinfo           00000001800059a0 f   LIBCMT:localref.obj
 0001:00004a18       _updatetlocinfoEx_nolock   0000000180005a18 f   LIBCMT:localref.obj
 0001:00004a7c       __initmbctable             0000000180005a7c f   LIBCMT:mbctype.obj
 0001:00004d98       __updatetmbcinfo           0000000180005d98 f   LIBCMT:mbctype.obj
 0001:00004e54       _setmbcp                   0000000180005e54 f   LIBCMT:mbctype.obj
 0001:00005098       _setmbcp_nolock            0000000180006098 f   LIBCMT:mbctype.obj
 0001:00005348       _tolower_l                 0000000180006348 f   LIBCMT:tolower.obj
 0001:0000549c       tolower                    000000018000649c f   LIBCMT:tolower.obj
 0001:000054bc       _freefls                   00000001800064bc f   LIBCMT:tidtable.obj
 0001:000055f0       _freeptd                   00000001800065f0 f   LIBCMT:tidtable.obj
 0001:0000562c       _getptd                    000000018000662c f   LIBCMT:tidtable.obj
 0001:00005650       _getptd_noexit             0000000180006650 f   LIBCMT:tidtable.obj
 0001:000056d4       _initptd                   00000001800066d4 f   LIBCMT:tidtable.obj
 0001:00005798       _mtinit                    0000000180006798 f   LIBCMT:tidtable.obj
 0001:00005818       _mtterm                    0000000180006818 f   LIBCMT:tidtable.obj
 0001:0000583c       _locterm                   000000018000683c f   LIBCMT:wsetloca.obj
 0001:00005884       _XcptFilter                0000000180006884 f   LIBCMT:winxfltr.obj
 0001:00005a50       __CppXcptFilter            0000000180006a50 f   LIBCMT:winxfltr.obj
 0001:00005a64       __copy_path_to_wide_string 0000000180006a64 f   LIBCMT:crt0dat.obj
 0001:00005b64       __crtCorExitProcess        0000000180006b64 f   LIBCMT:crt0dat.obj
 0001:00005ba8       __crtExitProcess           0000000180006ba8 f   LIBCMT:crt0dat.obj
 0001:00005bc0       __freeCrtMemory            0000000180006bc0 f   LIBCMT:crt0dat.obj
 0001:00005d08       _amsg_exit                 0000000180006d08 f   LIBCMT:crt0dat.obj
 0001:00005d30       _cexit                     0000000180006d30 f   LIBCMT:crt0dat.obj
 0001:00005d40       _cinit                     0000000180006d40 f   LIBCMT:crt0dat.obj
 0001:00005dd8       _exit                      0000000180006dd8 f   LIBCMT:crt0dat.obj
 0001:00005de4       _init_pointers             0000000180006de4 f   LIBCMT:crt0dat.obj
 0001:00005e90       _initterm_e                0000000180006e90 f   LIBCMT:crt0dat.obj
 0001:00005ecc       _lockexit                  0000000180006ecc f   LIBCMT:crt0dat.obj
 0001:00005ed8       _unlockexit                0000000180006ed8 f   LIBCMT:crt0dat.obj
 0001:0000607c       _heap_init                 000000018000707c f   LIBCMT:heapinit.obj
 0001:0000609c       _heap_term                 000000018000709c f   LIBCMT:heapinit.obj
 0001:000060a8       _setargv                   00000001800070a8 f   LIBCMT:stdargv.obj
 0001:00006364       _setenvp                   0000000180007364 f   LIBCMT:stdenvp.obj
 0001:00006498       __security_init_cookie     0000000180007498 f   LIBCMT:gs_support.obj
 0001:00006544       DllMain                    0000000180007544 f   LIBCMT:dllmain.obj
 0001:0000654c       __crtGetEnvironmentStringsA 000000018000754c f   LIBCMT:a_env.obj
 0001:00006640       _RTC_Initialize            0000000180007640 f   LIBCMT:initsect.obj
 0001:00006678       _RTC_Terminate             0000000180007678 f   LIBCMT:initsect.obj
 0001:000066b0       __GSHandlerCheck           00000001800076b0 f   LIBCMT:gshandler.obj
 0001:000066d0       __GSHandlerCheckCommon     00000001800076d0 f   LIBCMT:gshandler.obj
 0001:00006734       _getstream                 0000000180007734 f   LIBCMT:stream.obj
 0001:0000686c       __wtomb_environ            000000018000786c f   LIBCMT:wtombenv.obj
 0001:00006960       calloc                     0000000180007960 f   LIBCMT:calloc.obj
 0001:000069a4       _mbsnbicoll                00000001800079a4 f   LIBCMT:mbsnbico.obj
 0001:000069ac       _mbsnbicoll_l              00000001800079ac f   LIBCMT:mbsnbico.obj
 0001:00006aac       _waccess_s                 0000000180007aac f   LIBCMT:waccess.obj
 0001:00006b54       __lock_fhandle             0000000180007b54 f   LIBCMT:osfinfo.obj
 0001:00006bec       _alloc_osfhnd              0000000180007bec f   LIBCMT:osfinfo.obj
 0001:00006de4       _free_osfhnd               0000000180007de4 f   LIBCMT:osfinfo.obj
 0001:00006e90       _get_osfhandle             0000000180007e90 f   LIBCMT:osfinfo.obj
 0001:00006f04       _set_osfhnd                0000000180007f04 f   LIBCMT:osfinfo.obj
 0001:00006fb4       _unlock_fhandle            0000000180007fb4 f   LIBCMT:osfinfo.obj
 0001:00006fe0       _get_fmode                 0000000180007fe0 f   LIBCMT:setmode.obj
 0001:00007010       __isa_available_init       0000000180008010 f   LIBCMT:cpu_disp.obj
 0001:000071b4       _FF_MSGBANNER              00000001800081b4 f   LIBCMT:crt0msg.obj
 0001:000071f8       _GET_RTERRMSG              00000001800081f8 f   LIBCMT:crt0msg.obj
 0001:00007228       _NMSG_WRITE                0000000180008228 f   LIBCMT:crt0msg.obj
 0001:00007498       strrchr                    0000000180008498 f   LIBCMT:strrchr.obj
 0001:000075dc       malloc                     00000001800085dc f   LIBCMT:malloc.obj
 0001:00007694       realloc                    0000000180008694 f   LIBCMT:realloc.obj
 0001:00007768       _recalloc                  0000000180008768 f   LIBCMT:recalloc.obj
 0001:000077f0       _calloc_impl               00000001800087f0 f   LIBCMT:calloc_impl.obj
 0001:000078a0       _local_unwind              00000001800088a0 f   LIBCMT:jmpuwind.obj
 0001:000078d0       _NLG_Notify                00000001800088d0 f   LIBCMT:jmpuwind.obj
 0001:000078f0       __NLG_Dispatch2            00000001800088f0 f   LIBCMT:jmpuwind.obj
 0001:00007900       __NLG_Return2              0000000180008900 f   LIBCMT:jmpuwind.obj
 0001:00007910       _FindPESection             0000000180008910 f   LIBCMT:pesect.obj
 0001:00007960       _IsNonwritableInCurrentImage 0000000180008960 f   LIBCMT:pesect.obj
 0001:000079b0       _ValidateImageBase         00000001800089b0 f   LIBCMT:pesect.obj
 0001:000079e0       _getbuf                    00000001800089e0 f   LIBCMT:_getbuf.obj
 0001:00007a34       _fcloseall                 0000000180008a34 f   LIBCMT:closeall.obj
 0001:00007af0       memcpy                     0000000180008af0 f   LIBCMT:memcpy.obj
 0001:00007af0       memmove                    0000000180008af0 f   LIBCMT:memcpy.obj
 0001:00008058       _isatty                    0000000180009058 f   LIBCMT:isatty.obj
 0001:000080b8       _lseeki64_nolock           00000001800090b8 f   LIBCMT:lseeki64.obj
 0001:0000814c       _commit                    000000018000914c f   LIBCMT:commit.obj
 0001:00008224       _write                     0000000180009224 f   LIBCMT:write.obj
 0001:00008308       _write_nolock              0000000180009308 f   LIBCMT:write.obj
 0001:00008afc       __free_lconv_mon           0000000180009afc f   LIBCMT:initmon.obj
 0001:00008c08       __free_lconv_num           0000000180009c08 f   LIBCMT:initnum.obj
 0001:00008c74       __free_lc_time             0000000180009c74 f   LIBCMT:inittime.obj
 0001:0000935c       __crtLCMapStringA          000000018000a35c f   LIBCMT:a_map.obj
 0001:0000956c       __crtGetStringTypeA        000000018000a56c f   LIBCMT:a_str.obj
 0001:000095e8       _isctype_l                 000000018000a5e8 f   LIBCMT:isctype.obj
 0001:000096c4       _isleadbyte_l              000000018000a6c4 f i LIBCMT:_wctype.obj
 0001:00009708       isleadbyte                 000000018000a708 f i LIBCMT:_wctype.obj
 0001:00009760       memcmp                     000000018000a760 f   LIBCMT:memcmp.obj
 0001:00009828       wcscat_s                   000000018000a828 f   LIBCMT:wcscat_s.obj
 0001:000098b0       wcscpy_s                   000000018000a8b0 f   LIBCMT:wcscpy_s.obj
 0001:0000991c       wcslen                     000000018000a91c f   LIBCMT:wcslen.obj
 0001:00009938       wcsncpy_s                  000000018000a938 f   LIBCMT:wcsncpy_s.obj
 0001:00009a04       GetTableIndexFromLocaleName 000000018000aa04 f   LIBCMT:winapinls.obj
 0001:00009a90       __crtCompareStringEx       000000018000aa90 f   LIBCMT:winapinls.obj
 0001:00009b20       __crtDownlevelLocaleNameToLCID 000000018000ab20 f   LIBCMT:winapinls.obj
 0001:00009b54       __crtLCMapStringEx         000000018000ab54 f   LIBCMT:winapinls.obj
 0001:00009be4       __wcsnicmp_ascii           000000018000abe4 f   LIBCMT:winapinls.obj
 0001:00009c3c       __onexitinit               000000018000ac3c f   LIBCMT:onexit.obj
 0001:00009c80       _onexit                    000000018000ac80 f   LIBCMT:onexit.obj
 0001:00009d8c       atexit                     000000018000ad8c f   LIBCMT:onexit.obj
 0001:00009da4       _initp_misc_cfltcvt_tab    000000018000ada4 f   LIBCMT:cmiscdat.obj
 0001:00009de0       ?terminate@@YAXXZ          000000018000ade0 f   LIBCMT:hooks.obj
 0001:00009e00       _initp_eh_hooks            000000018000ae00 f   LIBCMT:hooks.obj
 0001:00009e20       _callnewh                  000000018000ae20 f   LIBCMT:handler.obj
 0001:00009e54       _initp_heap_handler        000000018000ae54 f   LIBCMT:handler.obj
 0001:00009e5c       _initp_misc_purevirt       000000018000ae5c f   LIBCMT:inithelp.obj
 0001:00009e64       __get_sigabrt              000000018000ae64 f   LIBCMT:winsig.obj
 0001:00009e74       _initp_misc_winsig         000000018000ae74 f   LIBCMT:winsig.obj
 0001:00009e94       raise                      000000018000ae94 f   LIBCMT:winsig.obj
 0001:0000a0c8       _initp_misc_rand_s         000000018000b0c8 f   LIBCMT:rand_s.obj
 0001:0000a14c       _ismbblead                 000000018000b14c f   LIBCMT:ismbbyte.obj
 0001:0000a160       __crtsetenv                000000018000b160 f   LIBCMT:setenv.obj
 0001:0000a514       _strnicoll_l               000000018000b514 f   LIBCMT:strnicol.obj
 0001:0000a97c       __crtCompareStringA        000000018000b97c f   LIBCMT:a_cmp.obj
 0001:0000aa08       _set_error_mode            000000018000ba08 f   LIBCMT:errmode.obj
 0001:0000aa48       __crtMessageBoxW           000000018000ba48 f   LIBCMT:crtmboxw.obj
 0001:0000acbc       _msize                     000000018000bcbc f   LIBCMT:msize.obj
 0001:0000acf8       _mbtowc_l                  000000018000bcf8 f   LIBCMT:mbtowc.obj
 0001:0000ae4c       mbtowc                     000000018000be4c f   LIBCMT:mbtowc.obj
 0001:0000ae54       _putwch_nolock             000000018000be54 f   LIBCMT:putwch.obj
 0001:0000aec0       __chkstk                   000000018000bec0 f   LIBCMT:chkstk.obj
 0001:0000aec0       _alloca_probe              000000018000bec0 f   LIBCMT:chkstk.obj
 0001:0000af10       _fptrap                    000000018000bf10 f   LIBCMT:crt0fp.obj
 0001:0000af1c       abort                      000000018000bf1c f   LIBCMT:abort.obj
 0001:0000af74       _strdup                    000000018000bf74 f   LIBCMT:strdup.obj
 0001:0000afe4       _mbschr                    000000018000bfe4 f   LIBCMT:mbschr.obj
 0001:0000afec       _mbschr_l                  000000018000bfec f   LIBCMT:mbschr.obj
 0001:0000b0ac       __ascii_strnicmp           000000018000c0ac f   LIBCMT:strnicmp.obj
 0001:0000b0f4       _strnicmp_l                000000018000c0f4 f   LIBCMT:strnicmp.obj
 0001:0000b1d0       __termconout               000000018000c1d0 f   LIBCMT:initcon.obj
 0001:0000b1f0       __initconout               000000018000c1f0 f   LIBCMT:initcon.obj
 0001:0000b22c       strchr                     000000018000c22c f   LIBCMT:strchr.obj
 0001:0000b2b8       __crt_atoflt_l             000000018000c2b8 f   LIBCMT:atodbl.obj
 0001:0000b388       _atodbl_l                  000000018000c388 f   LIBCMT:atodbl.obj
 0001:0000b450       _atoflt_l                  000000018000c450 f   LIBCMT:atodbl.obj
 0001:0000b458       _fpmath                    000000018000c458 f   LIBCMT:fpinit.obj
 0001:0000b460       _cfltcvt_init              000000018000c460 f   LIBCMT:fpinit.obj
 0001:0000b4f0       _ld12tod                   000000018000c4f0 f   LIBCMT:intrncvt.obj
 0001:0000baa8       _ld12tof                   000000018000caa8 f   LIBCMT:intrncvt.obj
 0001:0000c060       __strgtold12_l             000000018000d060 f   LIBCMT:strgtold.obj
 0001:0000c8c4       _cfltcvt                   000000018000d8c4 f   LIBCMT:cvt.obj
 0001:0000c8e8       _cfltcvt_l                 000000018000d8e8 f   LIBCMT:cvt.obj
 0001:0000c968       _cftoa_l                   000000018000d968 f   LIBCMT:cvt.obj
 0001:0000cf14       _cftoe_l                   000000018000df14 f   LIBCMT:cvt.obj
 0001:0000d170       _cftof_l                   000000018000e170 f   LIBCMT:cvt.obj
 0001:0000d244       _cftog_l                   000000018000e244 f   LIBCMT:cvt.obj
 0001:0000d378       _cropzeros                 000000018000e378 f   LIBCMT:cvt.obj
 0001:0000d380       _cropzeros_l               000000018000e380 f   LIBCMT:cvt.obj
 0001:0000d418       _fassign                   000000018000e418 f   LIBCMT:cvt.obj
 0001:0000d420       _fassign_l                 000000018000e420 f   LIBCMT:cvt.obj
 0001:0000d460       _forcdecpt                 000000018000e460 f   LIBCMT:cvt.obj
 0001:0000d468       _forcdecpt_l               000000018000e468 f   LIBCMT:cvt.obj
 0001:0000d4e8       _positive                  000000018000e4e8 f   LIBCMT:cvt.obj
 0001:0000d4fc       __mtold12                  000000018000e4fc f   LIBCMT:mantold.obj
 0001:0000d720       isdigit                    000000018000e720 f i LIBCMT:_ctype.obj
 0001:0000d79c       _fptostr                   000000018000e79c f   LIBCMT:_fptostr.obj
 0001:0000d868       __dtold                    000000018000e868 f   LIBCMT:cfout.obj
 0001:0000d938       _fltout2                   000000018000e938 f   LIBCMT:cfout.obj
 0001:0000d9f0       $I10_OUTPUT                000000018000e9f0 f   LIBCMT:x10fout.obj
 0001:0000e4c8       IsProcessorFeaturePresent  000000018000f4c8 f   kernel32:KERNEL32.dll
 0001:0000e4ce       RtlUnwindEx                000000018000f4ce f   kernel32:KERNEL32.dll
 0001:0000e4d4       __delayLoadHelper2         000000018000f4d4 f   DelayImp:delayhlp.obj
 0001:0000e780       strcmp                     000000018000f780 f   LIBCMT:strcmp.obj
 0002:00000000       __imp_GetModuleHandleA     0000000180010000     kernel32:KERNEL32.dll
 0002:00000008       __imp_CloseHandle          0000000180010008     kernel32:KERNEL32.dll
 0002:00000010       __imp_DuplicateHandle      0000000180010010     kernel32:KERNEL32.dll
 0002:00000018       __imp_GetCurrentProcess    0000000180010018     kernel32:KERNEL32.dll
 0002:00000020       __imp_CreateProcessA       0000000180010020     kernel32:KERNEL32.dll
 0002:00000028       __imp_IsDebuggerPresent    0000000180010028     kernel32:KERNEL32.dll
 0002:00000030       __imp_IsProcessorFeaturePresent 0000000180010030     kernel32:KERNEL32.dll
 0002:00000038       __imp_GetCommandLineA      0000000180010038     kernel32:KERNEL32.dll
 0002:00000040       __imp_GetCurrentThreadId   0000000180010040     kernel32:KERNEL32.dll
 0002:00000048       __imp_EncodePointer        0000000180010048     kernel32:KERNEL32.dll
 0002:00000050       __imp_DecodePointer        0000000180010050     kernel32:KERNEL32.dll
 0002:00000058       __imp_GetLastError         0000000180010058     kernel32:KERNEL32.dll
 0002:00000060       __imp_HeapFree             0000000180010060     kernel32:KERNEL32.dll
 0002:00000068       __imp_CreatePipe           0000000180010068     kernel32:KERNEL32.dll
 0002:00000070       __imp_EnterCriticalSection 0000000180010070     kernel32:KERNEL32.dll
 0002:00000078       __imp_LeaveCriticalSection 0000000180010078     kernel32:KERNEL32.dll
 0002:00000080       __imp_DeleteCriticalSection 0000000180010080     kernel32:KERNEL32.dll
 0002:00000088       __imp_RtlUnwindEx          0000000180010088     kernel32:KERNEL32.dll
 0002:00000090       __imp_GetStdHandle         0000000180010090     kernel32:KERNEL32.dll
 0002:00000098       __imp_GetFileType          0000000180010098     kernel32:KERNEL32.dll
 0002:000000a0       __imp_GetStartupInfoW      00000001800100a0     kernel32:KERNEL32.dll
 0002:000000a8       __imp_ReadFile             00000001800100a8     kernel32:KERNEL32.dll
 0002:000000b0       __imp_MultiByteToWideChar  00000001800100b0     kernel32:KERNEL32.dll
 0002:000000b8       __imp_GetConsoleMode       00000001800100b8     kernel32:KERNEL32.dll
 0002:000000c0       __imp_ReadConsoleW         00000001800100c0     kernel32:KERNEL32.dll
 0002:000000c8       __imp_RtlCaptureContext    00000001800100c8     kernel32:KERNEL32.dll
 0002:000000d0       __imp_RtlLookupFunctionEntry 00000001800100d0     kernel32:KERNEL32.dll
 0002:000000d8       __imp_RtlVirtualUnwind     00000001800100d8     kernel32:KERNEL32.dll
 0002:000000e0       __imp_UnhandledExceptionFilter 00000001800100e0     kernel32:KERNEL32.dll
 0002:000000e8       __imp_SetUnhandledExceptionFilter 00000001800100e8     kernel32:KERNEL32.dll
 0002:000000f0       __imp_SetLastError         00000001800100f0     kernel32:KERNEL32.dll
 0002:000000f8       __imp_InitializeCriticalSectionAndSpinCount 00000001800100f8     kernel32:KERNEL32.dll
 0002:00000100       __imp_Sleep                0000000180010100     kernel32:KERNEL32.dll
 0002:00000108       __imp_TerminateProcess     0000000180010108     kernel32:KERNEL32.dll
 0002:00000110       __imp_TlsAlloc             0000000180010110     kernel32:KERNEL32.dll
 0002:00000118       __imp_TlsGetValue          0000000180010118     kernel32:KERNEL32.dll
 0002:00000120       __imp_TlsSetValue          0000000180010120     kernel32:KERNEL32.dll
 0002:00000128       __imp_TlsFree              0000000180010128     kernel32:KERNEL32.dll
 0002:00000130       __imp_GetModuleHandleW     0000000180010130     kernel32:KERNEL32.dll
 0002:00000138       __imp_GetProcAddress       0000000180010138     kernel32:KERNEL32.dll
 0002:00000140       __imp_IsValidCodePage      0000000180010140     kernel32:KERNEL32.dll
 0002:00000148       __imp_GetACP               0000000180010148     kernel32:KERNEL32.dll
 0002:00000150       __imp_GetOEMCP             0000000180010150     kernel32:KERNEL32.dll
 0002:00000158       __imp_GetCPInfo            0000000180010158     kernel32:KERNEL32.dll
 0002:00000160       __imp_ExitProcess          0000000180010160     kernel32:KERNEL32.dll
 0002:00000168       __imp_GetModuleHandleExW   0000000180010168     kernel32:KERNEL32.dll
 0002:00000170       __imp_AreFileApisANSI      0000000180010170     kernel32:KERNEL32.dll
 0002:00000178       __imp_WideCharToMultiByte  0000000180010178     kernel32:KERNEL32.dll
 0002:00000180       __imp_GetProcessHeap       0000000180010180     kernel32:KERNEL32.dll
 0002:00000188       __imp_GetModuleFileNameA   0000000180010188     kernel32:KERNEL32.dll
 0002:00000190       __imp_QueryPerformanceCounter 0000000180010190     kernel32:KERNEL32.dll
 0002:00000198       __imp_GetCurrentProcessId  0000000180010198     kernel32:KERNEL32.dll
 0002:000001a0       __imp_GetSystemTimeAsFileTime 00000001800101a0     kernel32:KERNEL32.dll
 0002:000001a8       __imp_GetEnvironmentStringsW 00000001800101a8     kernel32:KERNEL32.dll
 0002:000001b0       __imp_FreeEnvironmentStringsW 00000001800101b0     kernel32:KERNEL32.dll
 0002:000001b8       __imp_GetFileAttributesExW 00000001800101b8     kernel32:KERNEL32.dll
 0002:000001c0       __imp_SetStdHandle         00000001800101c0     kernel32:KERNEL32.dll
 0002:000001c8       __imp_WriteFile            00000001800101c8     kernel32:KERNEL32.dll
 0002:000001d0       __imp_GetModuleFileNameW   00000001800101d0     kernel32:KERNEL32.dll
 0002:000001d8       __imp_HeapAlloc            00000001800101d8     kernel32:KERNEL32.dll
 0002:000001e0       __imp_HeapReAlloc          00000001800101e0     kernel32:KERNEL32.dll
 0002:000001e8       __imp_SetFilePointerEx     00000001800101e8     kernel32:KERNEL32.dll
 0002:000001f0       __imp_FlushFileBuffers     00000001800101f0     kernel32:KERNEL32.dll
 0002:000001f8       __imp_GetConsoleCP         00000001800101f8     kernel32:KERNEL32.dll
 0002:00000200       __imp_GetStringTypeW       0000000180010200     kernel32:KERNEL32.dll
 0002:00000208       __imp_CompareStringW       0000000180010208     kernel32:KERNEL32.dll
 0002:00000210       __imp_LCMapStringW         0000000180010210     kernel32:KERNEL32.dll
 0002:00000218       __imp_FreeLibrary          0000000180010218     kernel32:KERNEL32.dll
 0002:00000220       __imp_LoadLibraryExW       0000000180010220     kernel32:KERNEL32.dll
 0002:00000228       __imp_SetEnvironmentVariableA 0000000180010228     kernel32:KERNEL32.dll
 0002:00000230       __imp_OutputDebugStringW   0000000180010230     kernel32:KERNEL32.dll
 0002:00000238       __imp_HeapSize             0000000180010238     kernel32:KERNEL32.dll
 0002:00000240       __imp_WriteConsoleW        0000000180010240     kernel32:KERNEL32.dll
 0002:00000248       __imp_CreateFileW          0000000180010248     kernel32:KERNEL32.dll
 0002:00000250       __imp_RaiseException       0000000180010250     kernel32:KERNEL32.dll
 0002:00000258       __imp_LoadLibraryExA       0000000180010258     kernel32:KERNEL32.dll
 0002:00000260       \177KERNEL32_NULL_THUNK_DATA 0000000180010260     kernel32:KERNEL32.dll
 0002:00000268       __xc_a                     0000000180010268     LIBCMT:crt0init.obj
 0002:00000270       _register_addon_           0000000180010270     addon.obj
 0002:00000278       __xc_z                     0000000180010278     LIBCMT:crt0init.obj
 0002:00000280       __xi_a                     0000000180010280     LIBCMT:crt0init.obj
 0002:000002a8       __xi_z                     00000001800102a8     LIBCMT:crt0init.obj
 0002:000002b0       __xp_a                     00000001800102b0     LIBCMT:crt0init.obj
 0002:000002d0       __xp_z                     00000001800102d0     LIBCMT:crt0init.obj
 0002:000002d8       __xt_a                     00000001800102d8     LIBCMT:crt0init.obj
 0002:000002e0       __xt_z                     00000001800102e0     LIBCMT:crt0init.obj
 0002:00000330       __sz_node_exe              0000000180010330     node:node.exe
 0002:00000340       ??_C@_07CFPBBAOO@COMSPEC?$AA@ 0000000180010340     LIBCMT:popen.obj
 0002:00000348       ??_C@_07INNMNHPJ@cmd?4exe?$AA@ 0000000180010348     LIBCMT:popen.obj
 0002:00000350       ??_C@_04NPFIMJFF@?5?1c?5?$AA@ 0000000180010350     LIBCMT:popen.obj
 0002:00000358       ??_C@_04HBHDLLBA@PATH?$AA@ 0000000180010358     LIBCMT:popen.obj
 0002:00000360       ??_C@_01KICIPPFI@?2?$AA@   0000000180010360     LIBCMT:popen.obj
 0002:00000378       _pRawDllMain               0000000180010378     LIBCMT:dllcrt0.obj
 0002:00000378       _pDefaultRawDllMain        0000000180010378     LIBCMT:dllcrt0.obj
 0002:00000380       ??_C@_1BK@MGMFAEKH@?$AAk?$AAe?$AAr?$AAn?$AAe?$AAl?$AA3?$AA2?$AA?4?$AAd?$AAl?$AAl?$AA?$AA@ 0000000180010380     LIBCMT:winapisupp.obj
 0002:000003a0       ??_C@_08KNHFBNJ@FlsAlloc?$AA@ 00000001800103a0     LIBCMT:winapisupp.obj
 0002:000003b0       ??_C@_07PEJMOBNF@FlsFree?$AA@ 00000001800103b0     LIBCMT:winapisupp.obj
 0002:000003b8       ??_C@_0M@GDNOONDI@FlsGetValue?$AA@ 00000001800103b8     LIBCMT:winapisupp.obj
 0002:000003c8       ??_C@_0M@JCPCPOEF@FlsSetValue?$AA@ 00000001800103c8     LIBCMT:winapisupp.obj
 0002:000003d8       ??_C@_0BM@HCFOFFN@InitializeCriticalSectionEx?$AA@ 00000001800103d8     LIBCMT:winapisupp.obj
 0002:000003f8       ??_C@_0P@DLHPPCNH@CreateEventExW?$AA@ 00000001800103f8     LIBCMT:winapisupp.obj
 0002:00000408       ??_C@_0BD@KIEEOEEH@CreateSemaphoreExW?$AA@ 0000000180010408     LIBCMT:winapisupp.obj
 0002:00000420       ??_C@_0BI@BKLFFAPO@SetThreadStackGuarantee?$AA@ 0000000180010420     LIBCMT:winapisupp.obj
 0002:00000438       ??_C@_0BG@OGFAJCKC@CreateThreadpoolTimer?$AA@ 0000000180010438     LIBCMT:winapisupp.obj
 0002:00000450       ??_C@_0BD@LPLEMMDI@SetThreadpoolTimer?$AA@ 0000000180010450     LIBCMT:winapisupp.obj
 0002:00000468       ??_C@_0CA@FMNJENH@WaitForThreadpoolTimerCallbacks?$AA@ 0000000180010468     LIBCMT:winapisupp.obj
 0002:00000488       ??_C@_0BF@DCFCCNOC@CloseThreadpoolTimer?$AA@ 0000000180010488     LIBCMT:winapisupp.obj
 0002:000004a0       ??_C@_0BF@FLABGKKM@CreateThreadpoolWait?$AA@ 00000001800104a0     LIBCMT:winapisupp.obj
 0002:000004b8       ??_C@_0BC@MGCOHNA@SetThreadpoolWait?$AA@ 00000001800104b8     LIBCMT:winapisupp.obj
 0002:000004d0       ??_C@_0BE@OCIOMIMP@CloseThreadpoolWait?$AA@ 00000001800104d0     LIBCMT:winapisupp.obj
 0002:000004e8       ??_C@_0BJ@LKGHFHBO@FlushProcessWriteBuffers?$AA@ 00000001800104e8     LIBCMT:winapisupp.obj
 0002:00000508       ??_C@_0BP@KALKKPMO@FreeLibraryWhenCallbackReturns?$AA@ 0000000180010508     LIBCMT:winapisupp.obj
 0002:00000528       ??_C@_0BK@DFNBACLA@GetCurrentProcessorNumber?$AA@ 0000000180010528     LIBCMT:winapisupp.obj
 0002:00000548       ??_C@_0BP@KHGALBC@GetLogicalProcessorInformation?$AA@ 0000000180010548     LIBCMT:winapisupp.obj
 0002:00000568       ??_C@_0BE@FKKLLFLM@CreateSymbolicLinkW?$AA@ 0000000180010568     LIBCMT:winapisupp.obj
 0002:00000580       ??_C@_0BJ@OHNKDLIJ@SetDefaultDllDirectories?$AA@ 0000000180010580     LIBCMT:winapisupp.obj
 0002:000005a0       ??_C@_0BE@LJANKFHF@EnumSystemLocalesEx?$AA@ 00000001800105a0     LIBCMT:winapisupp.obj
 0002:000005b8       ??_C@_0BA@IHGNDAEB@CompareStringEx?$AA@ 00000001800105b8     LIBCMT:winapisupp.obj
 0002:000005c8       ??_C@_0BA@EPCJIIPD@GetDateFormatEx?$AA@ 00000001800105c8     LIBCMT:winapisupp.obj
 0002:000005d8       ??_C@_0BA@ONOKGCMP@GetLocaleInfoEx?$AA@ 00000001800105d8     LIBCMT:winapisupp.obj
 0002:000005e8       ??_C@_0BA@CIJJKCJJ@GetTimeFormatEx?$AA@ 00000001800105e8     LIBCMT:winapisupp.obj
 0002:000005f8       ??_C@_0BJ@PBCCBIPI@GetUserDefaultLocaleName?$AA@ 00000001800105f8     LIBCMT:winapisupp.obj
 0002:00000618       ??_C@_0BC@CELBKLLA@IsValidLocaleName?$AA@ 0000000180010618     LIBCMT:winapisupp.obj
 0002:00000630       ??_C@_0O@KKBNKAPF@LCMapStringEx?$AA@ 0000000180010630     LIBCMT:winapisupp.obj
 0002:00000640       ??_C@_0BE@JOGNEJCI@GetCurrentPackageId?$AA@ 0000000180010640     LIBCMT:winapisupp.obj
 0002:00000658       ??_C@_0P@CDHHOHKP@GetTickCount64?$AA@ 0000000180010658     LIBCMT:winapisupp.obj
 0002:00000668       ??_C@_0BO@KPCLFDJJ@GetFileInformationByHandleExW?$AA@ 0000000180010668     LIBCMT:winapisupp.obj
 0002:00000688       ??_C@_0BM@MHIDLABK@SetFileInformationByHandleW?$AA@ 0000000180010688     LIBCMT:winapisupp.obj
 0002:000006c8       ??_C@_1M@HPNHIDJI@?$AAj?$AAa?$AA?9?$AAJ?$AAP?$AA?$AA@ 00000001800106c8     LIBCMT:mbctype.obj
 0002:000006d8       ??_C@_1M@BIBDDEMK@?$AAz?$AAh?$AA?9?$AAC?$AAN?$AA?$AA@ 00000001800106d8     LIBCMT:mbctype.obj
 0002:000006e8       ??_C@_1M@JLOOOEGK@?$AAk?$AAo?$AA?9?$AAK?$AAR?$AA?$AA@ 00000001800106e8     LIBCMT:mbctype.obj
 0002:000006f8       ??_C@_1M@CLNBBOPM@?$AAz?$AAh?$AA?9?$AAT?$AAW?$AA?$AA@ 00000001800106f8     LIBCMT:mbctype.obj
 0002:00000704       ??_C@_03KOEHGMDN@Sun?$AA@  0000000180010704     LIBCMT:nlsdata.obj
 0002:00000708       ??_C@_03PDAGKDH@Mon?$AA@   0000000180010708     LIBCMT:nlsdata.obj
 0002:0000070c       ??_C@_03NAGEINEP@Tue?$AA@  000000018001070c     LIBCMT:nlsdata.obj
 0002:00000710       ??_C@_03MHOMLAJA@Wed?$AA@  0000000180010710     LIBCMT:nlsdata.obj
 0002:00000714       ??_C@_03IOFIKPDN@Thu?$AA@  0000000180010714     LIBCMT:nlsdata.obj
 0002:00000718       ??_C@_03IDIOELNC@Fri?$AA@  0000000180010718     LIBCMT:nlsdata.obj
 0002:0000071c       ??_C@_03FEFJNEK@Sat?$AA@   000000018001071c     LIBCMT:nlsdata.obj
 0002:00000720       ??_C@_06OOPIFAJ@Sunday?$AA@ 0000000180010720     LIBCMT:nlsdata.obj
 0002:00000728       ??_C@_06JLEDEDGH@Monday?$AA@ 0000000180010728     LIBCMT:nlsdata.obj
 0002:00000730       ??_C@_07BAAGCFCM@Tuesday?$AA@ 0000000180010730     LIBCMT:nlsdata.obj
 0002:00000738       ??_C@_09DLIGFAKA@Wednesday?$AA@ 0000000180010738     LIBCMT:nlsdata.obj
 0002:00000748       ??_C@_08HACCIKIA@Thursday?$AA@ 0000000180010748     LIBCMT:nlsdata.obj
 0002:00000754       ??_C@_06JECMNKMI@Friday?$AA@ 0000000180010754     LIBCMT:nlsdata.obj
 0002:00000760       ??_C@_08INBOOONO@Saturday?$AA@ 0000000180010760     LIBCMT:nlsdata.obj
 0002:0000076c       ??_C@_03JIHJHPIE@Jan?$AA@  000000018001076c     LIBCMT:nlsdata.obj
 0002:00000770       ??_C@_03HJBDCHOM@Feb?$AA@  0000000180010770     LIBCMT:nlsdata.obj
 0002:00000774       ??_C@_03ODNJBKGA@Mar?$AA@  0000000180010774     LIBCMT:nlsdata.obj
 0002:00000778       ??_C@_03LEOLGMJP@Apr?$AA@  0000000180010778     LIBCMT:nlsdata.obj
 0002:0000077c       ??_C@_03CNMDKL@May?$AA@    000000018001077c     LIBCMT:nlsdata.obj
 0002:00000780       ??_C@_03IDFGHECI@Jun?$AA@  0000000180010780     LIBCMT:nlsdata.obj
 0002:00000784       ??_C@_03LBGABGKK@Jul?$AA@  0000000180010784     LIBCMT:nlsdata.obj
 0002:00000788       ??_C@_03IFJFEIGA@Aug?$AA@  0000000180010788     LIBCMT:nlsdata.obj
 0002:0000078c       ??_C@_03GGCAPAJC@Sep?$AA@  000000018001078c     LIBCMT:nlsdata.obj
 0002:00000790       ??_C@_03BMAOKBAD@Oct?$AA@  0000000180010790     LIBCMT:nlsdata.obj
 0002:00000794       ??_C@_03JPJOFNIA@Nov?$AA@  0000000180010794     LIBCMT:nlsdata.obj
 0002:00000798       ??_C@_03MKABNOCG@Dec?$AA@  0000000180010798     LIBCMT:nlsdata.obj
 0002:000007a0       ??_C@_07CGJPFGJA@January?$AA@ 00000001800107a0     LIBCMT:nlsdata.obj
 0002:000007a8       ??_C@_08GNJGEPFN@February?$AA@ 00000001800107a8     LIBCMT:nlsdata.obj
 0002:000007b4       ??_C@_05HPCKOFNC@March?$AA@ 00000001800107b4     LIBCMT:nlsdata.obj
 0002:000007bc       ??_C@_05DMJDNLEJ@April?$AA@ 00000001800107bc     LIBCMT:nlsdata.obj
 0002:000007c4       ??_C@_04CNLMGBGM@June?$AA@ 00000001800107c4     LIBCMT:nlsdata.obj
 0002:000007cc       ??_C@_04MIEPOIFP@July?$AA@ 00000001800107cc     LIBCMT:nlsdata.obj
 0002:000007d4       ??_C@_06LBBHFDDG@August?$AA@ 00000001800107d4     LIBCMT:nlsdata.obj
 0002:000007e0       ??_C@_09BHHEALKD@September?$AA@ 00000001800107e0     LIBCMT:nlsdata.obj
 0002:000007f0       ??_C@_07JJNFCEND@October?$AA@ 00000001800107f0     LIBCMT:nlsdata.obj
 0002:000007f8       ??_C@_08HCHEGEOA@November?$AA@ 00000001800107f8     LIBCMT:nlsdata.obj
 0002:00000808       ??_C@_08EDHMEBNP@December?$AA@ 0000000180010808     LIBCMT:nlsdata.obj
 0002:00000814       ??_C@_02DEDBPAFC@AM?$AA@   0000000180010814     LIBCMT:nlsdata.obj
 0002:00000818       ??_C@_02CJNFDJBF@PM?$AA@   0000000180010818     LIBCMT:nlsdata.obj
 0002:00000820       ??_C@_08BPBNCDIB@MM?1dd?1yy?$AA@ 0000000180010820     LIBCMT:nlsdata.obj
 0002:00000830       ??_C@_0BE@CKGJFCPC@dddd?0?5MMMM?5dd?0?5yyyy?$AA@ 0000000180010830     LIBCMT:nlsdata.obj
 0002:00000848       ??_C@_08JCCMCCIL@HH?3mm?3ss?$AA@ 0000000180010848     LIBCMT:nlsdata.obj
 0002:00000858       ??_C@_17MBGCMIPB@?$AAS?$AAu?$AAn?$AA?$AA@ 0000000180010858     LIBCMT:nlsdata.obj
 0002:00000860       ??_C@_17KBOMKBF@?$AAM?$AAo?$AAn?$AA?$AA@ 0000000180010860     LIBCMT:nlsdata.obj
 0002:00000868       ??_C@_17BMKGEGOJ@?$AAT?$AAu?$AAe?$AA?$AA@ 0000000180010868     LIBCMT:nlsdata.obj
 0002:00000870       ??_C@_17CJEDCEPE@?$AAW?$AAe?$AAd?$AA?$AA@ 0000000180010870     LIBCMT:nlsdata.obj
 0002:00000878       ??_C@_17PDPHAADD@?$AAT?$AAh?$AAu?$AA?$AA@ 0000000180010878     LIBCMT:nlsdata.obj
 0002:00000880       ??_C@_17HFOLPPLP@?$AAF?$AAr?$AAi?$AA?$AA@ 0000000180010880     LIBCMT:nlsdata.obj
 0002:00000888       ??_C@_17GGIBDPIH@?$AAS?$AAa?$AAt?$AA?$AA@ 0000000180010888     LIBCMT:nlsdata.obj
 0002:00000890       ??_C@_1O@IHNHDHPB@?$AAS?$AAu?$AAn?$AAd?$AAa?$AAy?$AA?$AA@ 0000000180010890     LIBCMT:nlsdata.obj
 0002:000008a0       ??_C@_1O@MMNBFLIA@?$AAM?$AAo?$AAn?$AAd?$AAa?$AAy?$AA?$AA@ 00000001800108a0     LIBCMT:nlsdata.obj
 0002:000008b0       ??_C@_1BA@ENFBFFEK@?$AAT?$AAu?$AAe?$AAs?$AAd?$AAa?$AAy?$AA?$AA@ 00000001800108b0     LIBCMT:nlsdata.obj
 0002:000008c0       ??_C@_1BE@EBOGMDOH@?$AAW?$AAe?$AAd?$AAn?$AAe?$AAs?$AAd?$AAa?$AAy?$AA?$AA@ 00000001800108c0     LIBCMT:nlsdata.obj
 0002:000008d8       ??_C@_1BC@HHMNLIHE@?$AAT?$AAh?$AAu?$AAr?$AAs?$AAd?$AAa?$AAy?$AA?$AA@ 00000001800108d8     LIBCMT:nlsdata.obj
 0002:000008f0       ??_C@_1O@PDICJHAG@?$AAF?$AAr?$AAi?$AAd?$AAa?$AAy?$AA?$AA@ 00000001800108f0     LIBCMT:nlsdata.obj
 0002:00000900       ??_C@_1BC@ENMNNPAJ@?$AAS?$AAa?$AAt?$AAu?$AAr?$AAd?$AAa?$AAy?$AA?$AA@ 0000000180010900     LIBCMT:nlsdata.obj
 0002:00000918       ??_C@_17DKNBKCHM@?$AAJ?$AAa?$AAn?$AA?$AA@ 0000000180010918     LIBCMT:nlsdata.obj
 0002:00000920       ??_C@_17LMDJEKJN@?$AAF?$AAe?$AAb?$AA?$AA@ 0000000180010920     LIBCMT:nlsdata.obj
 0002:00000928       ??_C@_17CKNLEDEC@?$AAM?$AAa?$AAr?$AA?$AA@ 0000000180010928     LIBCMT:nlsdata.obj
 0002:00000930       ??_C@_17LFPOIHDD@?$AAA?$AAp?$AAr?$AA?$AA@ 0000000180010930     LIBCMT:nlsdata.obj
 0002:00000938       ??_C@_17PNNKMEED@?$AAM?$AAa?$AAy?$AA?$AA@ 0000000180010938     LIBCMT:nlsdata.obj
 0002:00000940       ??_C@_17KCJGOCPB@?$AAJ?$AAu?$AAn?$AA?$AA@ 0000000180010940     LIBCMT:nlsdata.obj
 0002:00000948       ??_C@_17IJPCKHK@?$AAJ?$AAu?$AAl?$AA?$AA@ 0000000180010948     LIBCMT:nlsdata.obj
 0002:00000950       ??_C@_17ICPELBCN@?$AAA?$AAu?$AAg?$AA?$AA@ 0000000180010950     LIBCMT:nlsdata.obj
 0002:00000958       ??_C@_17HCHCOKMG@?$AAS?$AAe?$AAp?$AA?$AA@ 0000000180010958     LIBCMT:nlsdata.obj
 0002:00000960       ??_C@_17FNLKOI@?$AAO?$AAc?$AAt?$AA?$AA@ 0000000180010960     LIBCMT:nlsdata.obj
 0002:00000968       ??_C@_17BBDMLCIG@?$AAN?$AAo?$AAv?$AA?$AA@ 0000000180010968     LIBCMT:nlsdata.obj
 0002:00000970       ??_C@_17EGKACKIF@?$AAD?$AAe?$AAc?$AA?$AA@ 0000000180010970     LIBCMT:nlsdata.obj
 0002:00000978       ??_C@_1BA@EFMEIEBA@?$AAJ?$AAa?$AAn?$AAu?$AAa?$AAr?$AAy?$AA?$AA@ 0000000180010978     LIBCMT:nlsdata.obj
 0002:00000988       ??_C@_1BC@JGDDFFAM@?$AAF?$AAe?$AAb?$AAr?$AAu?$AAa?$AAr?$AAy?$AA?$AA@ 0000000180010988     LIBCMT:nlsdata.obj
 0002:000009a0       ??_C@_1M@IKEENEDF@?$AAM?$AAa?$AAr?$AAc?$AAh?$AA?$AA@ 00000001800109a0     LIBCMT:nlsdata.obj
 0002:000009b0       ??_C@_1M@GJNLMHFD@?$AAA?$AAp?$AAr?$AAi?$AAl?$AA?$AA@ 00000001800109b0     LIBCMT:nlsdata.obj
 0002:000009c0       ??_C@_19EPFLPGAP@?$AAJ?$AAu?$AAn?$AAe?$AA?$AA@ 00000001800109c0     LIBCMT:nlsdata.obj
 0002:000009d0       ??_C@_19BIFMLPCD@?$AAJ?$AAu?$AAl?$AAy?$AA?$AA@ 00000001800109d0     LIBCMT:nlsdata.obj
 0002:000009e0       ??_C@_1O@PAHLKOAC@?$AAA?$AAu?$AAg?$AAu?$AAs?$AAt?$AA?$AA@ 00000001800109e0     LIBCMT:nlsdata.obj
 0002:000009f0       ??_C@_1BE@DKAAMBJL@?$AAS?$AAe?$AAp?$AAt?$AAe?$AAm?$AAb?$AAe?$AAr?$AA?$AA@ 00000001800109f0     LIBCMT:nlsdata.obj
 0002:00000a08       ??_C@_1BA@EPANDLNG@?$AAO?$AAc?$AAt?$AAo?$AAb?$AAe?$AAr?$AA?$AA@ 0000000180010a08     LIBCMT:nlsdata.obj
 0002:00000a18       ??_C@_1BC@BGLIFPF@?$AAN?$AAo?$AAv?$AAe?$AAm?$AAb?$AAe?$AAr?$AA?$AA@ 0000000180010a18     LIBCMT:nlsdata.obj
 0002:00000a30       ??_C@_1BC@FEMKIFH@?$AAD?$AAe?$AAc?$AAe?$AAm?$AAb?$AAe?$AAr?$AA?$AA@ 0000000180010a30     LIBCMT:nlsdata.obj
 0002:00000a44       ??_C@_15ODEHAHHF@?$AAA?$AAM?$AA?$AA@ 0000000180010a44     LIBCMT:nlsdata.obj
 0002:00000a4c       ??_C@_15CLMNNGEL@?$AAP?$AAM?$AA?$AA@ 0000000180010a4c     LIBCMT:nlsdata.obj
 0002:00000a58       ??_C@_1BC@IEBCMHCM@?$AAM?$AAM?$AA?1?$AAd?$AAd?$AA?1?$AAy?$AAy?$AA?$AA@ 0000000180010a58     LIBCMT:nlsdata.obj
 0002:00000a70       ??_C@_1CI@KNAKOEBC@?$AAd?$AAd?$AAd?$AAd?$AA?0?$AA?5?$AAM?$AAM?$AAM?$AAM?$AA?5?$AAd?$AAd?$AA?0?$AA?5?$AAy?$AAy?$AAy?$AAy?$AA?$AA@ 0000000180010a70     LIBCMT:nlsdata.obj
 0002:00000a98       ??_C@_1BC@GDGBMEMK@?$AAH?$AAH?$AA?3?$AAm?$AAm?$AA?3?$AAs?$AAs?$AA?$AA@ 0000000180010a98     LIBCMT:nlsdata.obj
 0002:00000ab0       ??_C@_1M@BMHNFIME@?$AAe?$AAn?$AA?9?$AAU?$AAS?$AA?$AA@ 0000000180010ab0     LIBCMT:nlsdata.obj
 0002:00000b40       _XcptActTab                0000000180010b40     LIBCMT:winxfltr.obj
 0002:00000c00       _XcptActTabCount           0000000180010c00     LIBCMT:winxfltr.obj
 0002:00000c04       _XcptActTabSize            0000000180010c04     LIBCMT:winxfltr.obj
 0002:00000c08       _First_FPE_Indx            0000000180010c08     LIBCMT:winxfltr.obj
 0002:00000c0c       _Num_FPE                   0000000180010c0c     LIBCMT:winxfltr.obj
 0002:00000c10       ??_C@_1BI@BGOHAHKC@?$AAm?$AAs?$AAc?$AAo?$AAr?$AAe?$AAe?$AA?4?$AAd?$AAl?$AAl?$AA?$AA@ 0000000180010c10     LIBCMT:crt0dat.obj
 0002:00000c28       ??_C@_0P@MIGLKIOC@CorExitProcess?$AA@ 0000000180010c28     LIBCMT:crt0dat.obj
 0002:00000db0       ??_C@_1FK@PGACCAFB@?$AAR?$AA6?$AA0?$AA0?$AA2?$AA?$AN?$AA?6?$AA?9?$AA?5?$AAf?$AAl?$AAo?$AAa?$AAt?$AAi?$AAn?$AAg?$AA?5?$AAp?$AAo?$AAi?$AAn?$AAt?$AA?5?$AAs?$AAu?$AAp?$AAp?$AAo?$AAr?$AAt?$AA?5@ 0000000180010db0     LIBCMT:crt0msg.obj
 0002:00000e10       ??_C@_1FE@LLNEDJMD@?$AAR?$AA6?$AA0?$AA0?$AA8?$AA?$AN?$AA?6?$AA?9?$AA?5?$AAn?$AAo?$AAt?$AA?5?$AAe?$AAn?$AAo?$AAu?$AAg?$AAh?$AA?5?$AAs?$AAp?$AAa?$AAc?$AAe?$AA?5?$AAf?$AAo?$AAr?$AA?5?$AAa?$AAr@ 0000000180010e10     LIBCMT:crt0msg.obj
 0002:00000e70       ??_C@_1FI@HONFMGBI@?$AAR?$AA6?$AA0?$AA0?$AA9?$AA?$AN?$AA?6?$AA?9?$AA?5?$AAn?$AAo?$AAt?$AA?5?$AAe?$AAn?$AAo?$AAu?$AAg?$AAh?$AA?5?$AAs?$AAp?$AAa?$AAc?$AAe?$AA?5?$AAf?$AAo?$AAr?$AA?5?$AAe?$AAn@ 0000000180010e70     LIBCMT:crt0msg.obj
 0002:00000ed0       ??_C@_1EG@BEHAGFJD@?$AAR?$AA6?$AA0?$AA1?$AA0?$AA?$AN?$AA?6?$AA?9?$AA?5?$AAa?$AAb?$AAo?$AAr?$AAt?$AA?$CI?$AA?$CJ?$AA?5?$AAh?$AAa?$AAs?$AA?5?$AAb?$AAe?$AAe?$AAn?$AA?5?$AAc?$AAa?$AAl?$AAl?$AAe?$AAd@ 0000000180010ed0     LIBCMT:crt0msg.obj
 0002:00000f20       ??_C@_1FI@LOGNIKDM@?$AAR?$AA6?$AA0?$AA1?$AA6?$AA?$AN?$AA?6?$AA?9?$AA?5?$AAn?$AAo?$AAt?$AA?5?$AAe?$AAn?$AAo?$AAu?$AAg?$AAh?$AA?5?$AAs?$AAp?$AAa?$AAc?$AAe?$AA?5?$AAf?$AAo?$AAr?$AA?5?$AAt?$AAh@ 0000000180010f20     LIBCMT:crt0msg.obj
 0002:00000f80       ??_C@_1FK@BEOGODMC@?$AAR?$AA6?$AA0?$AA1?$AA7?$AA?$AN?$AA?6?$AA?9?$AA?5?$AAu?$AAn?$AAe?$AAx?$AAp?$AAe?$AAc?$AAt?$AAe?$AAd?$AA?5?$AAm?$AAu?$AAl?$AAt?$AAi?$AAt?$AAh?$AAr?$AAe?$AAa?$AAd?$AA?5@ 0000000180010f80     LIBCMT:crt0msg.obj
 0002:00000fe0       ??_C@_1EC@JIBHAOPH@?$AAR?$AA6?$AA0?$AA1?$AA8?$AA?$AN?$AA?6?$AA?9?$AA?5?$AAu?$AAn?$AAe?$AAx?$AAp?$AAe?$AAc?$AAt?$AAe?$AAd?$AA?5?$AAh?$AAe?$AAa?$AAp?$AA?5?$AAe?$AAr?$AAr?$AAo?$AAr?$AA?$AN?$AA?6@ 0000000180010fe0     LIBCMT:crt0msg.obj
 0002:00001030       ??_C@_1FC@ECHBIFBC@?$AAR?$AA6?$AA0?$AA1?$AA9?$AA?$AN?$AA?6?$AA?9?$AA?5?$AAu?$AAn?$AAa?$AAb?$AAl?$AAe?$AA?5?$AAt?$AAo?$AA?5?$AAo?$AAp?$AAe?$AAn?$AA?5?$AAc?$AAo?$AAn?$AAs?$AAo?$AAl?$AAe?$AA?5@ 0000000180011030     LIBCMT:crt0msg.obj
 0002:00001090       ??_C@_1GK@FHCKBEFA@?$AAR?$AA6?$AA0?$AA2?$AA4?$AA?$AN?$AA?6?$AA?9?$AA?5?$AAn?$AAo?$AAt?$AA?5?$AAe?$AAn?$AAo?$AAu?$AAg?$AAh?$AA?5?$AAs?$AAp?$AAa?$AAc?$AAe?$AA?5?$AAf?$AAo?$AAr?$AA?5?$AA_?$AAo@ 0000000180011090     LIBCMT:crt0msg.obj
 0002:00001100       ??_C@_1EM@MAADIHMB@?$AAR?$AA6?$AA0?$AA2?$AA5?$AA?$AN?$AA?6?$AA?9?$AA?5?$AAp?$AAu?$AAr?$AAe?$AA?5?$AAv?$AAi?$AAr?$AAt?$AAu?$AAa?$AAl?$AA?5?$AAf?$AAu?$AAn?$AAc?$AAt?$AAi?$AAo?$AAn?$AA?5?$AAc@ 0000000180011100     LIBCMT:crt0msg.obj
 0002:00001150       ??_C@_1GK@MCAAGJMO@?$AAR?$AA6?$AA0?$AA2?$AA6?$AA?$AN?$AA?6?$AA?9?$AA?5?$AAn?$AAo?$AAt?$AA?5?$AAe?$AAn?$AAo?$AAu?$AAg?$AAh?$AA?5?$AAs?$AAp?$AAa?$AAc?$AAe?$AA?5?$AAf?$AAo?$AAr?$AA?5?$AAs?$AAt@ 0000000180011150     LIBCMT:crt0msg.obj
 0002:000011c0       ??_C@_1GK@MFGOKLAG@?$AAR?$AA6?$AA0?$AA2?$AA7?$AA?$AN?$AA?6?$AA?9?$AA?5?$AAn?$AAo?$AAt?$AA?5?$AAe?$AAn?$AAo?$AAu?$AAg?$AAh?$AA?5?$AAs?$AAp?$AAa?$AAc?$AAe?$AA?5?$AAf?$AAo?$AAr?$AA?5?$AAl?$AAo@ 00000001800111c0     LIBCMT:crt0msg.obj
 0002:00001230       ??_C@_1EK@HHFLMAOL@?$AAR?$AA6?$AA0?$AA2?$AA8?$AA?$AN?$AA?6?$AA?9?$AA?5?$AAu?$AAn?$AAa?$AAb?$AAl?$AAe?$AA?5?$AAt?$AAo?$AA?5?$AAi?$AAn?$AAi?$AAt?$AAi?$AAa?$AAl?$AAi?$AAz?$AAe?$AA?5?$AAh?$AAe@ 0000000180011230     LIBCMT:crt0msg.obj
 0002:00001280       ??_C@_1DO@BMFCDCD@?$AAR?$AA6?$AA0?$AA3?$AA0?$AA?$AN?$AA?6?$AA?9?$AA?5?$AAC?$AAR?$AAT?$AA?5?$AAn?$AAo?$AAt?$AA?5?$AAi?$AAn?$AAi?$AAt?$AAi?$AAa?$AAl?$AAi?$AAz?$AAe?$AAd?$AA?$AN?$AA?6?$AA?$AA@ 0000000180011280     LIBCMT:crt0msg.obj
 0002:000012c0       ??_C@_1MG@ENCOOIDF@?$AAR?$AA6?$AA0?$AA3?$AA1?$AA?$AN?$AA?6?$AA?9?$AA?5?$AAA?$AAt?$AAt?$AAe?$AAm?$AAp?$AAt?$AA?5?$AAt?$AAo?$AA?5?$AAi?$AAn?$AAi?$AAt?$AAi?$AAa?$AAl?$AAi?$AAz?$AAe?$AA?5?$AAt@ 00000001800112c0     LIBCMT:crt0msg.obj
 0002:00001390       ??_C@_1GG@GOPILAJP@?$AAR?$AA6?$AA0?$AA3?$AA2?$AA?$AN?$AA?6?$AA?9?$AA?5?$AAn?$AAo?$AAt?$AA?5?$AAe?$AAn?$AAo?$AAu?$AAg?$AAh?$AA?5?$AAs?$AAp?$AAa?$AAc?$AAe?$AA?5?$AAf?$AAo?$AAr?$AA?5?$AAl?$AAo@ 0000000180011390     LIBCMT:crt0msg.obj
 0002:00001400       ??_C@_1BOO@KGEDBGAJ@?$AAR?$AA6?$AA0?$AA3?$AA3?$AA?$AN?$AA?6?$AA?9?$AA?5?$AAA?$AAt?$AAt?$AAe?$AAm?$AAp?$AAt?$AA?5?$AAt?$AAo?$AA?5?$AAu?$AAs?$AAe?$AA?5?$AAM?$AAS?$AAI?$AAL?$AA?5?$AAc?$AAo?$AAd@ 0000000180011400     LIBCMT:crt0msg.obj
 0002:000015f0       ??_C@_1GG@MKFPEKFO@?$AAR?$AA6?$AA0?$AA3?$AA4?$AA?$AN?$AA?6?$AA?9?$AA?5?$AAi?$AAn?$AAc?$AAo?$AAn?$AAs?$AAi?$AAs?$AAt?$AAe?$AAn?$AAt?$AA?5?$AAo?$AAn?$AAe?$AAx?$AAi?$AAt?$AA?5?$AAb?$AAe?$AAg@ 00000001800115f0     LIBCMT:crt0msg.obj
 0002:00001658       ??_C@_1BO@BFCDCGC@?$AAD?$AAO?$AAM?$AAA?$AAI?$AAN?$AA?5?$AAe?$AAr?$AAr?$AAo?$AAr?$AA?$AN?$AA?6?$AA?$AA@ 0000000180011658     LIBCMT:crt0msg.obj
 0002:00001678       ??_C@_1BK@KMOMNAAI@?$AAS?$AAI?$AAN?$AAG?$AA?5?$AAe?$AAr?$AAr?$AAo?$AAr?$AA?$AN?$AA?6?$AA?$AA@ 0000000180011678     LIBCMT:crt0msg.obj
 0002:00001698       ??_C@_1BM@JBBEPPHI@?$AAT?$AAL?$AAO?$AAS?$AAS?$AA?5?$AAe?$AAr?$AAr?$AAo?$AAr?$AA?$AN?$AA?6?$AA?$AA@ 0000000180011698     LIBCMT:crt0msg.obj
 0002:000016b4       ??_C@_15JNBOKNOG@?$AA?$AN?$AA?6?$AA?$AA@ 00000001800116b4     LIBCMT:crt0msg.obj
 0002:000016c0       ??_C@_1BO@BKOMIGKJ@?$AAr?$AAu?$AAn?$AAt?$AAi?$AAm?$AAe?$AA?5?$AAe?$AAr?$AAr?$AAo?$AAr?$AA?5?$AA?$AA@ 00000001800116c0     LIBCMT:crt0msg.obj
 0002:000016e0       ??_C@_1DE@JNGNBFGO@?$AAR?$AAu?$AAn?$AAt?$AAi?$AAm?$AAe?$AA?5?$AAE?$AAr?$AAr?$AAo?$AAr?$AA?$CB?$AA?6?$AA?6?$AAP?$AAr?$AAo?$AAg?$AAr?$AAa?$AAm?$AA?3?$AA?5?$AA?$AA@ 00000001800116e0     LIBCMT:crt0msg.obj
 0002:00001718       ??_C@_1CO@EAEJAADC@?$AA?$DM?$AAp?$AAr?$AAo?$AAg?$AAr?$AAa?$AAm?$AA?5?$AAn?$AAa?$AAm?$AAe?$AA?5?$AAu?$AAn?$AAk?$AAn?$AAo?$AAw?$AAn?$AA?$DO?$AA?$AA@ 0000000180011718     LIBCMT:crt0msg.obj
 0002:00001748       ??_C@_17LGKOMLJ@?$AA?4?$AA?4?$AA?4?$AA?$AA@ 0000000180011748     LIBCMT:crt0msg.obj
 0002:00001750       ??_C@_15IABLJNFO@?$AA?6?$AA?6?$AA?$AA@ 0000000180011750     LIBCMT:crt0msg.obj
 0002:00001760       ??_C@_1EK@MBDPDCGA@?$AAM?$AAi?$AAc?$AAr?$AAo?$AAs?$AAo?$AAf?$AAt?$AA?5?$AAV?$AAi?$AAs?$AAu?$AAa?$AAl?$AA?5?$AAC?$AA?$CL?$AA?$CL?$AA?5?$AAR?$AAu?$AAn?$AAt?$AAi?$AAm?$AAe?$AA?5?$AAL?$AAi?$AAb@ 0000000180011760     LIBCMT:crt0msg.obj
 0002:000017b0       __newctype                 00000001800117b0     LIBCMT:ctype.obj
 0002:00001ab0       _wctype                    0000000180011ab0     LIBCMT:ctype.obj
 0002:00001cc0       __newclmap                 0000000180011cc0     LIBCMT:ctype.obj
 0002:00001e40       __newcumap                 0000000180011e40     LIBCMT:ctype.obj
 0002:00001fc0       ??_C@_15PJPFLCCM@?$AAu?$AAk?$AA?$AA@ 0000000180011fc0     LIBCMT:getqloc.obj
 0002:00001fc8       __rg_language_count        0000000180011fc8     LIBCMT:getqloc.obj
 0002:00001fcc       __rg_country_count         0000000180011fcc     LIBCMT:getqloc.obj
 0002:00001fd0       LcidToLocaleNameTable      0000000180011fd0     LIBCMT:winapinls.obj
 0002:00002e10       LocaleNameToIndexTable     0000000180012e10     LIBCMT:winapinls.obj
 0002:00003c50       ??_C@_15EMKDOKLE@?$AAa?$AAr?$AA?$AA@ 0000000180013c50     LIBCMT:winapinls.obj
 0002:00003c58       ??_C@_15KNPADPLH@?$AAb?$AAg?$AA?$AA@ 0000000180013c58     LIBCMT:winapinls.obj
 0002:00003c60       ??_C@_15EDMHLDMO@?$AAc?$AAa?$AA?$AA@ 0000000180013c60     LIBCMT:winapinls.obj
 0002:00003c68       ??_C@_1O@BPEAJADD@?$AAz?$AAh?$AA?9?$AAC?$AAH?$AAS?$AA?$AA@ 0000000180013c68     LIBCMT:winapinls.obj
 0002:00003c78       ??_C@_15LJNHCMNK@?$AAc?$AAs?$AA?$AA@ 0000000180013c78     LIBCMT:winapinls.obj
 0002:00003c80       ??_C@_15FOMCIDHG@?$AAd?$AAa?$AA?$AA@ 0000000180013c80     LIBCMT:winapinls.obj
 0002:00003c88       ??_C@_15NBKABECB@?$AAd?$AAe?$AA?$AA@ 0000000180013c88     LIBCMT:winapinls.obj
 0002:00003c90       ??_C@_15GHPEIIAO@?$AAe?$AAl?$AA?$AA@ 0000000180013c90     LIBCMT:winapinls.obj
 0002:00003c98       ??_C@_15MNPNEAIF@?$AAe?$AAn?$AA?$AA@ 0000000180013c98     LIBCMT:winapinls.obj
 0002:00003ca0       ??_C@_15GPIOMPMH@?$AAe?$AAs?$AA?$AA@ 0000000180013ca0     LIBCMT:winapinls.obj
 0002:00003ca8       ??_C@_15NGLOAKJC@?$AAf?$AAi?$AA?$AA@ 0000000180013ca8     LIBCMT:winapinls.obj
 0002:00003cb0       ??_C@_15FBKGNKAM@?$AAf?$AAr?$AA?$AA@ 0000000180013cb0     LIBCMT:winapinls.obj
 0002:00003cb8       ??_C@_15KGGCNEFK@?$AAh?$AAe?$AA?$AA@ 0000000180013cb8     LIBCMT:winapinls.obj
 0002:00003cc0       ??_C@_15PGHLIDMF@?$AAh?$AAu?$AA?$AA@ 0000000180013cc0     LIBCMT:winapinls.obj
 0002:00003cc8       ??_C@_15BIEMAPLM@?$AAi?$AAs?$AA?$AA@ 0000000180013cc8     LIBCMT:winapinls.obj
 0002:00003cd0       ??_C@_15IFJLDHAF@?$AAi?$AAt?$AA?$AA@ 0000000180013cd0     LIBCMT:winapinls.obj
 0002:00003cd8       ??_C@_15GEMIOCAG@?$AAj?$AAa?$AA?$AA@ 0000000180013cd8     LIBCMT:winapinls.obj
 0002:00003ce0       ??_C@_15EPELEGJA@?$AAk?$AAo?$AA?$AA@ 0000000180013ce0     LIBCMT:winapinls.obj
 0002:00003ce8       ??_C@_15NDDHIMN@?$AAn?$AAl?$AA?$AA@ 0000000180013ce8     LIBCMT:winapinls.obj
 0002:00003cf0       ??_C@_15BPIGNHCD@?$AAn?$AAo?$AA?$AA@ 0000000180013cf0     LIBCMT:winapinls.obj
 0002:00003cf8       ??_C@_15DEOPBLCG@?$AAp?$AAl?$AA?$AA@ 0000000180013cf8     LIBCMT:winapinls.obj
 0002:00003d00       ??_C@_15KBECGEFG@?$AAp?$AAt?$AA?$AA@ 0000000180013d00     LIBCMT:winapinls.obj
 0002:00003d08       ??_C@_15GLJCBFMD@?$AAr?$AAo?$AA?$AA@ 0000000180013d08     LIBCMT:winapinls.obj
 0002:00003d10       ??_C@_15FEDGKCDI@?$AAr?$AAu?$AA?$AA@ 0000000180013d10     LIBCMT:winapinls.obj
 0002:00003d18       ??_C@_15GLKMLLHM@?$AAh?$AAr?$AA?$AA@ 0000000180013d18     LIBCMT:winapinls.obj
 0002:00003d20       ??_C@_15CPKMFBDB@?$AAs?$AAk?$AA?$AA@ 0000000180013d20     LIBCMT:winapinls.obj
 0002:00003d28       ??_C@_15BAAIOGMK@?$AAs?$AAq?$AA?$AA@ 0000000180013d28     LIBCMT:winapinls.obj
 0002:00003d30       ??_C@_15INNPNOHD@?$AAs?$AAv?$AA?$AA@ 0000000180013d30     LIBCMT:winapinls.obj
 0002:00003d38       ??_C@_15CABMMOGH@?$AAt?$AAh?$AA?$AA@ 0000000180013d38     LIBCMT:winapinls.obj
 0002:00003d40       ??_C@_15BPLIHJJM@?$AAt?$AAr?$AA?$AA@ 0000000180013d40     LIBCMT:winapinls.obj
 0002:00003d48       ??_C@_15NEOEKKDJ@?$AAu?$AAr?$AA?$AA@ 0000000180013d48     LIBCMT:winapinls.obj
 0002:00003d50       ??_C@_15NFICGAJK@?$AAi?$AAd?$AA?$AA@ 0000000180013d50     LIBCMT:winapinls.obj
 0002:00003d58       ??_C@_15HPJPHDM@?$AAb?$AAe?$AA?$AA@ 0000000180013d58     LIBCMT:winapinls.obj
 0002:00003d60       ??_C@_15LCHLGJII@?$AAs?$AAl?$AA?$AA@ 0000000180013d60     LIBCMT:winapinls.obj
 0002:00003d68       ??_C@_15PCFJPHHO@?$AAe?$AAt?$AA?$AA@ 0000000180013d68     LIBCMT:winapinls.obj
 0002:00003d70       ??_C@_15HPFPGODN@?$AAl?$AAv?$AA?$AA@ 0000000180013d70     LIBCMT:winapinls.obj
 0002:00003d78       ??_C@_15NFFGKGLG@?$AAl?$AAt?$AA?$AA@ 0000000180013d78     LIBCMT:winapinls.obj
 0002:00003d80       ??_C@_15BDAKCCHN@?$AAf?$AAa?$AA?$AA@ 0000000180013d80     LIBCMT:winapinls.obj
 0002:00003d88       ??_C@_15NFGIAIAJ@?$AAv?$AAi?$AA?$AA@ 0000000180013d88     LIBCMT:winapinls.obj
 0002:00003d90       ??_C@_15LMKNDMHN@?$AAh?$AAy?$AA?$AA@ 0000000180013d90     LIBCMT:winapinls.obj
 0002:00003d98       ??_C@_15IJBHMCFL@?$AAa?$AAz?$AA?$AA@ 0000000180013d98     LIBCMT:winapinls.obj
 0002:00003da0       ??_C@_15EKOFJABL@?$AAe?$AAu?$AA?$AA@ 0000000180013da0     LIBCMT:winapinls.obj
 0002:00003da8       ??_C@_15BGHADCNK@?$AAm?$AAk?$AA?$AA@ 0000000180013da8     LIBCMT:winapinls.obj
 0002:00003db0       ??_C@_15JDNICKHM@?$AAa?$AAf?$AA?$AA@ 0000000180013db0     LIBCMT:winapinls.obj
 0002:00003db8       ??_C@_15KPJEDBKD@?$AAk?$AAa?$AA?$AA@ 0000000180013db8     LIBCMT:winapinls.obj
 0002:00003dc0       ??_C@_15PDNFFFEO@?$AAf?$AAo?$AA?$AA@ 0000000180013dc0     LIBCMT:winapinls.obj
 0002:00003dc8       ??_C@_15OMLEGLOC@?$AAh?$AAi?$AA?$AA@ 0000000180013dc8     LIBCMT:winapinls.obj
 0002:00003dd0       ??_C@_15IDNNENKK@?$AAm?$AAs?$AA?$AA@ 0000000180013dd0     LIBCMT:winapinls.obj
 0002:00003dd8       ??_C@_15MACJNBMH@?$AAk?$AAk?$AA?$AA@ 0000000180013dd8     LIBCMT:winapinls.obj
 0002:00003de0       ??_C@_15DKDJEOND@?$AAk?$AAy?$AA?$AA@ 0000000180013de0     LIBCMT:winapinls.obj
 0002:00003de8       ??_C@_15DFGDLJBG@?$AAs?$AAw?$AA?$AA@ 0000000180013de8     LIBCMT:winapinls.obj
 0002:00003df0       ??_C@_15BBFAICNG@?$AAu?$AAz?$AA?$AA@ 0000000180013df0     LIBCMT:winapinls.obj
 0002:00003df8       ??_C@_15DKNDCGEA@?$AAt?$AAt?$AA?$AA@ 0000000180013df8     LIBCMT:winapinls.obj
 0002:00003e00       ??_C@_15MGIFMDPL@?$AAp?$AAa?$AA?$AA@ 0000000180013e00     LIBCMT:winapinls.obj
 0002:00003e08       ??_C@_15HCNDBBA@?$AAg?$AAu?$AA?$AA@ 0000000180013e08     LIBCMT:winapinls.obj
 0002:00003e10       ??_C@_15FNBEIBON@?$AAt?$AAa?$AA?$AA@ 0000000180013e10     LIBCMT:winapinls.obj
 0002:00003e18       ??_C@_15NCHGBGLK@?$AAt?$AAe?$AA?$AA@ 0000000180013e18     LIBCMT:winapinls.obj
 0002:00003e20       ??_C@_15PHPHCBPF@?$AAk?$AAn?$AA?$AA@ 0000000180013e20     LIBCMT:winapinls.obj
 0002:00003e28       ??_C@_15DLGBCKMP@?$AAm?$AAr?$AA?$AA@ 0000000180013e28     LIBCMT:winapinls.obj
 0002:00003e30       ??_C@_15EABBLBFF@?$AAs?$AAa?$AA?$AA@ 0000000180013e30     LIBCMT:winapinls.obj
 0002:00003e38       ??_C@_15CBKOMCOI@?$AAm?$AAn?$AA?$AA@ 0000000180013e38     LIBCMT:winapinls.obj
 0002:00003e40       ??_C@_15CKDMCJAF@?$AAg?$AAl?$AA?$AA@ 0000000180013e40     LIBCMT:winapinls.obj
 0002:00003e48       ??_C@_17CNJFBPG@?$AAk?$AAo?$AAk?$AA?$AA@ 0000000180013e48     LIBCMT:winapinls.obj
 0002:00003e50       ??_C@_17FFBJICPL@?$AAs?$AAy?$AAr?$AA?$AA@ 0000000180013e50     LIBCMT:winapinls.obj
 0002:00003e58       ??_C@_17KPNDCPAF@?$AAd?$AAi?$AAv?$AA?$AA@ 0000000180013e58     LIBCMT:winapinls.obj
 0002:00003e60       ??_C@_11LOCGONAA@?$AA?$AA@ 0000000180013e60     LIBCMT:winapinls.obj
 0002:00003e68       ??_C@_1M@OKAHONE@?$AAa?$AAr?$AA?9?$AAS?$AAA?$AA?$AA@ 0000000180013e68     LIBCMT:winapinls.obj
 0002:00003e78       ??_C@_1M@FFFIGIGK@?$AAb?$AAg?$AA?9?$AAB?$AAG?$AA?$AA@ 0000000180013e78     LIBCMT:winapinls.obj
 0002:00003e88       ??_C@_1M@BJNKEDC@?$AAc?$AAa?$AA?9?$AAE?$AAS?$AA?$AA@ 0000000180013e88     LIBCMT:winapinls.obj
 0002:00003e98       ??_C@_1M@IJJHFJHA@?$AAc?$AAs?$AA?9?$AAC?$AAZ?$AA?$AA@ 0000000180013e98     LIBCMT:winapinls.obj
 0002:00003ea8       ??_C@_1M@CLPEOBGI@?$AAd?$AAa?$AA?9?$AAD?$AAK?$AA?$AA@ 0000000180013ea8     LIBCMT:winapinls.obj
 0002:00003eb8       ??_C@_1M@MCMADGCB@?$AAd?$AAe?$AA?9?$AAD?$AAE?$AA?$AA@ 0000000180013eb8     LIBCMT:winapinls.obj
 0002:00003ec8       ??_C@_1M@OOCKEMAM@?$AAe?$AAl?$AA?9?$AAG?$AAR?$AA?$AA@ 0000000180013ec8     LIBCMT:winapinls.obj
 0002:00003ed8       ??_C@_1M@DDNJFGID@?$AAf?$AAi?$AA?9?$AAF?$AAI?$AA?$AA@ 0000000180013ed8     LIBCMT:winapinls.obj
 0002:00003ee8       ??_C@_1M@GLIPPMAC@?$AAf?$AAr?$AA?9?$AAF?$AAR?$AA?$AA@ 0000000180013ee8     LIBCMT:winapinls.obj
 0002:00003ef8       ??_C@_1M@GFMCHPE@?$AAh?$AAe?$AA?9?$AAI?$AAL?$AA?$AA@ 0000000180013ef8     LIBCMT:winapinls.obj
 0002:00003f08       ??_C@_1M@MHLPGNKM@?$AAh?$AAu?$AA?9?$AAH?$AAU?$AA?$AA@ 0000000180013f08     LIBCMT:winapinls.obj
 0002:00003f18       ??_C@_1M@LPDDNNPN@?$AAi?$AAs?$AA?9?$AAI?$AAS?$AA?$AA@ 0000000180013f18     LIBCMT:winapinls.obj
 0002:00003f28       ??_C@_1M@MADIPODN@?$AAi?$AAt?$AA?9?$AAI?$AAT?$AA?$AA@ 0000000180013f28     LIBCMT:winapinls.obj
 0002:00003f38       ??_C@_1M@IHBJJGG@?$AAn?$AAl?$AA?9?$AAN?$AAL?$AA?$AA@ 0000000180013f38     LIBCMT:winapinls.obj
 0002:00003f48       ??_C@_1M@EANAGDL@?$AAn?$AAb?$AA?9?$AAN?$AAO?$AA?$AA@ 0000000180013f48     LIBCMT:winapinls.obj
 0002:00003f58       ??_C@_1M@NEIEMEGP@?$AAp?$AAl?$AA?9?$AAP?$AAL?$AA?$AA@ 0000000180013f58     LIBCMT:winapinls.obj
 0002:00003f68       ??_C@_1M@BOCFIGEP@?$AAp?$AAt?$AA?9?$AAB?$AAR?$AA?$AA@ 0000000180013f68     LIBCMT:winapinls.obj
 0002:00003f78       ??_C@_1M@IMPFOPBG@?$AAr?$AAo?$AA?9?$AAR?$AAO?$AA?$AA@ 0000000180013f78     LIBCMT:winapinls.obj
 0002:00003f88       ??_C@_1M@IDNNEJMM@?$AAr?$AAu?$AA?9?$AAR?$AAU?$AA?$AA@ 0000000180013f88     LIBCMT:winapinls.obj
 0002:00003f98       ??_C@_1M@LILEEOGM@?$AAh?$AAr?$AA?9?$AAH?$AAR?$AA?$AA@ 0000000180013f98     LIBCMT:winapinls.obj
 0002:00003fa8       ??_C@_1M@FKIFEHPB@?$AAs?$AAk?$AA?9?$AAS?$AAK?$AA?$AA@ 0000000180013fa8     LIBCMT:winapinls.obj
 0002:00003fb8       ??_C@_1M@LJMAMNPJ@?$AAs?$AAq?$AA?9?$AAA?$AAL?$AA?$AA@ 0000000180013fb8     LIBCMT:winapinls.obj
 0002:00003fc8       ??_C@_1M@GIAKDKJK@?$AAs?$AAv?$AA?9?$AAS?$AAE?$AA?$AA@ 0000000180013fc8     LIBCMT:winapinls.obj
 0002:00003fd8       ??_C@_1M@MKJKIKCL@?$AAt?$AAh?$AA?9?$AAT?$AAH?$AA?$AA@ 0000000180013fd8     LIBCMT:winapinls.obj
 0002:00003fe8       ??_C@_1M@MFLCCMPB@?$AAt?$AAr?$AA?9?$AAT?$AAR?$AA?$AA@ 0000000180013fe8     LIBCMT:winapinls.obj
 0002:00003ff8       ??_C@_1M@OIJHDKJN@?$AAu?$AAr?$AA?9?$AAP?$AAK?$AA?$AA@ 0000000180013ff8     LIBCMT:winapinls.obj
 0002:00004008       ??_C@_1M@LHIPCIEK@?$AAi?$AAd?$AA?9?$AAI?$AAD?$AA?$AA@ 0000000180014008     LIBCMT:winapinls.obj
 0002:00004018       ??_C@_1M@MFMOBGI@?$AAu?$AAk?$AA?9?$AAU?$AAA?$AA?$AA@ 0000000180014018     LIBCMT:winapinls.obj
 0002:00004028       ??_C@_1M@OBGLJIPL@?$AAb?$AAe?$AA?9?$AAB?$AAY?$AA?$AA@ 0000000180014028     LIBCMT:winapinls.obj
 0002:00004038       ??_C@_1M@BCFAJEAD@?$AAs?$AAl?$AA?9?$AAS?$AAI?$AA?$AA@ 0000000180014038     LIBCMT:winapinls.obj
 0002:00004048       ??_C@_1M@FKFFEDDN@?$AAe?$AAt?$AA?9?$AAE?$AAE?$AA?$AA@ 0000000180014048     LIBCMT:winapinls.obj
 0002:00004058       ??_C@_1M@KGKKAACI@?$AAl?$AAv?$AA?9?$AAL?$AAV?$AA?$AA@ 0000000180014058     LIBCMT:winapinls.obj
 0002:00004068       ??_C@_1M@IFGBIJO@?$AAl?$AAt?$AA?9?$AAL?$AAT?$AA?$AA@ 0000000180014068     LIBCMT:winapinls.obj
 0002:00004078       ??_C@_1M@FGEAHEDM@?$AAf?$AAa?$AA?9?$AAI?$AAR?$AA?$AA@ 0000000180014078     LIBCMT:winapinls.obj
 0002:00004088       ??_C@_1M@KBMAIBFN@?$AAv?$AAi?$AA?9?$AAV?$AAN?$AA?$AA@ 0000000180014088     LIBCMT:winapinls.obj
 0002:00004098       ??_C@_1M@GPCBKDJK@?$AAh?$AAy?$AA?9?$AAA?$AAM?$AA?$AA@ 0000000180014098     LIBCMT:winapinls.obj
 0002:000040a8       ??_C@_1BG@BECMDDJB@?$AAa?$AAz?$AA?9?$AAA?$AAZ?$AA?9?$AAL?$AAa?$AAt?$AAn?$AA?$AA@ 00000001800140a8     LIBCMT:winapinls.obj
 0002:000040c0       ??_C@_1M@MAOFCAEA@?$AAe?$AAu?$AA?9?$AAE?$AAS?$AA?$AA@ 00000001800140c0     LIBCMT:winapinls.obj
 0002:000040d0       ??_C@_1M@IGHABKPI@?$AAm?$AAk?$AA?9?$AAM?$AAK?$AA?$AA@ 00000001800140d0     LIBCMT:winapinls.obj
 0002:000040e0       ??_C@_1M@IAIGNEJG@?$AAt?$AAn?$AA?9?$AAZ?$AAA?$AA?$AA@ 00000001800140e0     LIBCMT:winapinls.obj
 0002:000040f0       ??_C@_1M@IIJCOJFA@?$AAx?$AAh?$AA?9?$AAZ?$AAA?$AA?$AA@ 00000001800140f0     LIBCMT:winapinls.obj
 0002:00004100       ??_C@_1M@LGPJHNJH@?$AAz?$AAu?$AA?9?$AAZ?$AAA?$AA?$AA@ 0000000180014100     LIBCMT:winapinls.obj
 0002:00004110       ??_C@_1M@HOKAOIO@?$AAa?$AAf?$AA?9?$AAZ?$AAA?$AA?$AA@ 0000000180014110     LIBCMT:winapinls.obj
 0002:00004120       ??_C@_1M@DPCLHLIE@?$AAk?$AAa?$AA?9?$AAG?$AAE?$AA?$AA@ 0000000180014120     LIBCMT:winapinls.obj
 0002:00004130       ??_C@_1M@BLKMHJBI@?$AAf?$AAo?$AA?9?$AAF?$AAO?$AA?$AA@ 0000000180014130     LIBCMT:winapinls.obj
 0002:00004140       ??_C@_1M@LGGJAPPB@?$AAh?$AAi?$AA?9?$AAI?$AAN?$AA?$AA@ 0000000180014140     LIBCMT:winapinls.obj
 0002:00004150       ??_C@_1M@FIKPIHFE@?$AAm?$AAt?$AA?9?$AAM?$AAT?$AA?$AA@ 0000000180014150     LIBCMT:winapinls.obj
 0002:00004160       ??_C@_1M@HEGGPBFA@?$AAs?$AAe?$AA?9?$AAN?$AAO?$AA?$AA@ 0000000180014160     LIBCMT:winapinls.obj
 0002:00004170       ??_C@_1M@EIBJEEPA@?$AAm?$AAs?$AA?9?$AAM?$AAY?$AA?$AA@ 0000000180014170     LIBCMT:winapinls.obj
 0002:00004180       ??_C@_1M@FHLBGMPP@?$AAk?$AAk?$AA?9?$AAK?$AAZ?$AA?$AA@ 0000000180014180     LIBCMT:winapinls.obj
 0002:00004190       ??_C@_1M@NGJJLCGI@?$AAk?$AAy?$AA?9?$AAK?$AAG?$AA?$AA@ 0000000180014190     LIBCMT:winapinls.obj
 0002:000041a0       ??_C@_1M@GIENNBFC@?$AAs?$AAw?$AA?9?$AAK?$AAE?$AA?$AA@ 00000001800141a0     LIBCMT:winapinls.obj
 0002:000041b0       ??_C@_1BG@NDGMJIMJ@?$AAu?$AAz?$AA?9?$AAU?$AAZ?$AA?9?$AAL?$AAa?$AAt?$AAn?$AA?$AA@ 00000001800141b0     LIBCMT:winapinls.obj
 0002:000041c8       ??_C@_1M@IDCCIHBC@?$AAt?$AAt?$AA?9?$AAR?$AAU?$AA?$AA@ 00000001800141c8     LIBCMT:winapinls.obj
 0002:000041d8       ??_C@_1M@LOICPMOJ@?$AAb?$AAn?$AA?9?$AAI?$AAN?$AA?$AA@ 00000001800141d8     LIBCMT:winapinls.obj
 0002:000041e8       ??_C@_1M@KPKKNEAH@?$AAp?$AAa?$AA?9?$AAI?$AAN?$AA?$AA@ 00000001800141e8     LIBCMT:winapinls.obj
 0002:000041f8       ??_C@_1M@PJGPPBOG@?$AAg?$AAu?$AA?9?$AAI?$AAN?$AA?$AA@ 00000001800141f8     LIBCMT:winapinls.obj
 0002:00004208       ??_C@_1M@KMKMOPHI@?$AAt?$AAa?$AA?9?$AAI?$AAN?$AA?$AA@ 0000000180014208     LIBCMT:winapinls.obj
 0002:00004218       ??_C@_1M@KFEHEPAC@?$AAt?$AAe?$AA?9?$AAI?$AAN?$AA?$AA@ 0000000180014218     LIBCMT:winapinls.obj
 0002:00004228       ??_C@_1M@CDCLMGHI@?$AAk?$AAn?$AA?9?$AAI?$AAN?$AA?$AA@ 0000000180014228     LIBCMT:winapinls.obj
 0002:00004238       ??_C@_1M@MIODLDKF@?$AAm?$AAl?$AA?9?$AAI?$AAN?$AA?$AA@ 0000000180014238     LIBCMT:winapinls.obj
 0002:00004248       ??_C@_1M@PBIEACPO@?$AAm?$AAr?$AA?9?$AAI?$AAN?$AA?$AA@ 0000000180014248     LIBCMT:winapinls.obj
 0002:00004258       ??_C@_1M@NIDEAGPH@?$AAs?$AAa?$AA?9?$AAI?$AAN?$AA?$AA@ 0000000180014258     LIBCMT:winapinls.obj
 0002:00004268       ??_C@_1M@FHIHCBIO@?$AAm?$AAn?$AA?9?$AAM?$AAN?$AA?$AA@ 0000000180014268     LIBCMT:winapinls.obj
 0002:00004278       ??_C@_1M@JAIJPENP@?$AAc?$AAy?$AA?9?$AAG?$AAB?$AA?$AA@ 0000000180014278     LIBCMT:winapinls.obj
 0002:00004288       ??_C@_1M@PHGFBEPN@?$AAg?$AAl?$AA?9?$AAE?$AAS?$AA?$AA@ 0000000180014288     LIBCMT:winapinls.obj
 0002:00004298       ??_C@_1O@KPIPDNCP@?$AAk?$AAo?$AAk?$AA?9?$AAI?$AAN?$AA?$AA@ 0000000180014298     LIBCMT:winapinls.obj
 0002:000042a8       ??_C@_1O@KNHJLDJA@?$AAs?$AAy?$AAr?$AA?9?$AAS?$AAY?$AA?$AA@ 00000001800142a8     LIBCMT:winapinls.obj
 0002:000042b8       ??_C@_1O@MKEKBLAH@?$AAd?$AAi?$AAv?$AA?9?$AAM?$AAV?$AA?$AA@ 00000001800142b8     LIBCMT:winapinls.obj
 0002:000042c8       ??_C@_1O@OHDCKDDF@?$AAq?$AAu?$AAz?$AA?9?$AAB?$AAO?$AA?$AA@ 00000001800142c8     LIBCMT:winapinls.obj
 0002:000042d8       ??_C@_1M@LEPJNLFD@?$AAn?$AAs?$AA?9?$AAZ?$AAA?$AA?$AA@ 00000001800142d8     LIBCMT:winapinls.obj
 0002:000042e8       ??_C@_1M@OMLEIIJB@?$AAm?$AAi?$AA?9?$AAN?$AAZ?$AA?$AA@ 00000001800142e8     LIBCMT:winapinls.obj
 0002:000042f8       ??_C@_1M@PMPEAILG@?$AAa?$AAr?$AA?9?$AAI?$AAQ?$AA?$AA@ 00000001800142f8     LIBCMT:winapinls.obj
 0002:00004308       ??_C@_1M@CNKPNOEE@?$AAd?$AAe?$AA?9?$AAC?$AAH?$AA?$AA@ 0000000180014308     LIBCMT:winapinls.obj
 0002:00004318       ??_C@_1M@LKMGMLKO@?$AAe?$AAn?$AA?9?$AAG?$AAB?$AA?$AA@ 0000000180014318     LIBCMT:winapinls.obj
 0002:00004328       ??_C@_1M@PGKJFFGL@?$AAe?$AAs?$AA?9?$AAM?$AAX?$AA?$AA@ 0000000180014328     LIBCMT:winapinls.obj
 0002:00004338       ??_C@_1M@DNNANBDC@?$AAf?$AAr?$AA?9?$AAB?$AAE?$AA?$AA@ 0000000180014338     LIBCMT:winapinls.obj
 0002:00004348       ??_C@_1M@HLGMDFHM@?$AAi?$AAt?$AA?9?$AAC?$AAH?$AA?$AA@ 0000000180014348     LIBCMT:winapinls.obj
 0002:00004358       ??_C@_1M@CLLBGJH@?$AAn?$AAl?$AA?9?$AAB?$AAE?$AA?$AA@ 0000000180014358     LIBCMT:winapinls.obj
 0002:00004368       ??_C@_1M@BODBOGLF@?$AAn?$AAn?$AA?9?$AAN?$AAO?$AA?$AA@ 0000000180014368     LIBCMT:winapinls.obj
 0002:00004378       ??_C@_1M@HFFAHKAD@?$AAp?$AAt?$AA?9?$AAP?$AAT?$AA?$AA@ 0000000180014378     LIBCMT:winapinls.obj
 0002:00004388       ??_C@_1BG@LNOAKHIE@?$AAs?$AAr?$AA?9?$AAS?$AAP?$AA?9?$AAL?$AAa?$AAt?$AAn?$AA?$AA@ 0000000180014388     LIBCMT:winapinls.obj
 0002:000043a0       ??_C@_1M@HBMHBGAK@?$AAs?$AAv?$AA?9?$AAF?$AAI?$AA?$AA@ 00000001800143a0     LIBCMT:winapinls.obj
 0002:000043b0       ??_C@_1BG@DGCJGJBE@?$AAa?$AAz?$AA?9?$AAA?$AAZ?$AA?9?$AAC?$AAy?$AAr?$AAl?$AA?$AA@ 00000001800143b0     LIBCMT:winapinls.obj
 0002:000043c8       ??_C@_1M@KEJDAAHB@?$AAs?$AAe?$AA?9?$AAS?$AAE?$AA?$AA@ 00000001800143c8     LIBCMT:winapinls.obj
 0002:000043d8       ??_C@_1M@HEIBJJAD@?$AAm?$AAs?$AA?9?$AAB?$AAN?$AA?$AA@ 00000001800143d8     LIBCMT:winapinls.obj
 0002:000043e8       ??_C@_1BG@PBGJMCEM@?$AAu?$AAz?$AA?9?$AAU?$AAZ?$AA?9?$AAC?$AAy?$AAr?$AAl?$AA?$AA@ 00000001800143e8     LIBCMT:winapinls.obj
 0002:00004400       ??_C@_1O@LAOBCMDF@?$AAq?$AAu?$AAz?$AA?9?$AAE?$AAC?$AA?$AA@ 0000000180014400     LIBCMT:winapinls.obj
 0002:00004410       ??_C@_1M@POEEMAIO@?$AAa?$AAr?$AA?9?$AAE?$AAG?$AA?$AA@ 0000000180014410     LIBCMT:winapinls.obj
 0002:00004420       ??_C@_1M@EFAKDEDL@?$AAz?$AAh?$AA?9?$AAH?$AAK?$AA?$AA@ 0000000180014420     LIBCMT:winapinls.obj
 0002:00004430       ??_C@_1M@HKKIJHGI@?$AAd?$AAe?$AA?9?$AAA?$AAT?$AA?$AA@ 0000000180014430     LIBCMT:winapinls.obj
 0002:00004440       ??_C@_1M@KBFBEHJF@?$AAe?$AAn?$AA?9?$AAA?$AAU?$AA?$AA@ 0000000180014440     LIBCMT:winapinls.obj
 0002:00004450       ??_C@_1M@MNPLFAAH@?$AAe?$AAs?$AA?9?$AAE?$AAS?$AA?$AA@ 0000000180014450     LIBCMT:winapinls.obj
 0002:00004460       ??_C@_1M@HJOOJFMA@?$AAf?$AAr?$AA?9?$AAC?$AAA?$AA?$AA@ 0000000180014460     LIBCMT:winapinls.obj
 0002:00004470       ??_C@_1BG@JPOFPNAB@?$AAs?$AAr?$AA?9?$AAS?$AAP?$AA?9?$AAC?$AAy?$AAr?$AAl?$AA?$AA@ 0000000180014470     LIBCMT:winapinls.obj
 0002:00004488       ??_C@_1M@LNFOCMOB@?$AAs?$AAe?$AA?9?$AAF?$AAI?$AA?$AA@ 0000000180014488     LIBCMT:winapinls.obj
 0002:00004498       ??_C@_1O@MGJBOAMB@?$AAq?$AAu?$AAz?$AA?9?$AAP?$AAE?$AA?$AA@ 0000000180014498     LIBCMT:winapinls.obj
 0002:000044a8       ??_C@_1M@GJINLBOK@?$AAa?$AAr?$AA?9?$AAL?$AAY?$AA?$AA@ 00000001800144a8     LIBCMT:winapinls.obj
 0002:000044b8       ??_C@_1M@GGMNHJNL@?$AAz?$AAh?$AA?9?$AAS?$AAG?$AA?$AA@ 00000001800144b8     LIBCMT:winapinls.obj
 0002:000044c8       ??_C@_1M@HOIKODND@?$AAd?$AAe?$AA?9?$AAL?$AAU?$AA?$AA@ 00000001800144c8     LIBCMT:winapinls.obj
 0002:000044d8       ??_C@_1M@DDOCCGFG@?$AAe?$AAn?$AA?9?$AAC?$AAA?$AA?$AA@ 00000001800144d8     LIBCMT:winapinls.obj
 0002:000044e8       ??_C@_1M@BNOEMJLF@?$AAe?$AAs?$AA?9?$AAG?$AAT?$AA?$AA@ 00000001800144e8     LIBCMT:winapinls.obj
 0002:000044f8       ??_C@_1M@EOGNKEK@?$AAf?$AAr?$AA?9?$AAC?$AAH?$AA?$AA@ 00000001800144f8     LIBCMT:winapinls.obj
 0002:00004508       ??_C@_1M@FLIDJFHL@?$AAh?$AAr?$AA?9?$AAB?$AAA?$AA?$AA@ 0000000180014508     LIBCMT:winapinls.obj
 0002:00004518       ??_C@_1O@FMCELNAJ@?$AAs?$AAm?$AAj?$AA?9?$AAN?$AAO?$AA?$AA@ 0000000180014518     LIBCMT:winapinls.obj
 0002:00004528       ??_C@_1M@JHGLJMGJ@?$AAa?$AAr?$AA?9?$AAD?$AAZ?$AA?$AA@ 0000000180014528     LIBCMT:winapinls.obj
 0002:00004538       ??_C@_1M@JKKFDCNP@?$AAz?$AAh?$AA?9?$AAM?$AAO?$AA?$AA@ 0000000180014538     LIBCMT:winapinls.obj
 0002:00004548       ??_C@_1M@GEEFALPE@?$AAd?$AAe?$AA?9?$AAL?$AAI?$AA?$AA@ 0000000180014548     LIBCMT:winapinls.obj
 0002:00004558       ??_C@_1M@IGEOFBG@?$AAe?$AAn?$AA?9?$AAN?$AAZ?$AA?$AA@ 0000000180014558     LIBCMT:winapinls.obj
 0002:00004568       ??_C@_1M@KDBONEHP@?$AAe?$AAs?$AA?9?$AAC?$AAR?$AA?$AA@ 0000000180014568     LIBCMT:winapinls.obj
 0002:00004578       ??_C@_1M@FHMDOHNN@?$AAf?$AAr?$AA?9?$AAL?$AAU?$AA?$AA@ 0000000180014578     LIBCMT:winapinls.obj
 0002:00004588       ??_C@_1BG@NFKKMAFG@?$AAb?$AAs?$AA?9?$AAB?$AAA?$AA?9?$AAL?$AAa?$AAt?$AAn?$AA?$AA@ 0000000180014588     LIBCMT:winapinls.obj
 0002:000045a0       ??_C@_1O@IMNBEMCI@?$AAs?$AAm?$AAj?$AA?9?$AAS?$AAE?$AA?$AA@ 00000001800145a0     LIBCMT:winapinls.obj
 0002:000045b0       ??_C@_1M@DHHMBNDP@?$AAa?$AAr?$AA?9?$AAM?$AAA?$AA?$AA@ 00000001800145b0     LIBCMT:winapinls.obj
 0002:000045c0       ??_C@_1M@BNBLJCGH@?$AAe?$AAn?$AA?9?$AAI?$AAE?$AA?$AA@ 00000001800145c0     LIBCMT:winapinls.obj
 0002:000045d0       ??_C@_1M@GEPAFMDL@?$AAe?$AAs?$AA?9?$AAP?$AAA?$AA?$AA@ 00000001800145d0     LIBCMT:winapinls.obj
 0002:000045e0       ??_C@_1M@OJONDMDL@?$AAf?$AAr?$AA?9?$AAM?$AAC?$AA?$AA@ 00000001800145e0     LIBCMT:winapinls.obj
 0002:000045f0       ??_C@_1BG@OBCNFJB@?$AAs?$AAr?$AA?9?$AAB?$AAA?$AA?9?$AAL?$AAa?$AAt?$AAn?$AA?$AA@ 00000001800145f0     LIBCMT:winapinls.obj
 0002:00004608       ??_C@_1O@KEMEEGPO@?$AAs?$AAm?$AAa?$AA?9?$AAN?$AAO?$AA?$AA@ 0000000180014608     LIBCMT:winapinls.obj
 0002:00004618       ??_C@_1M@ELMGFODK@?$AAa?$AAr?$AA?9?$AAT?$AAN?$AA?$AA@ 0000000180014618     LIBCMT:winapinls.obj
 0002:00004628       ??_C@_1M@BHDLHFAF@?$AAe?$AAn?$AA?9?$AAZ?$AAA?$AA?$AA@ 0000000180014628     LIBCMT:winapinls.obj
 0002:00004638       ??_C@_1M@BMGIGLIF@?$AAe?$AAs?$AA?9?$AAD?$AAO?$AA?$AA@ 0000000180014638     LIBCMT:winapinls.obj
 0002:00004648       ??_C@_1BG@CMBHIPBE@?$AAs?$AAr?$AA?9?$AAB?$AAA?$AA?9?$AAC?$AAy?$AAr?$AAl?$AA?$AA@ 0000000180014648     LIBCMT:winapinls.obj
 0002:00004660       ??_C@_1O@HEDBLHNP@?$AAs?$AAm?$AAa?$AA?9?$AAS?$AAE?$AA?$AA@ 0000000180014660     LIBCMT:winapinls.obj
 0002:00004670       ??_C@_1M@DAGCADIM@?$AAa?$AAr?$AA?9?$AAO?$AAM?$AA?$AA@ 0000000180014670     LIBCMT:winapinls.obj
 0002:00004680       ??_C@_1M@FODLMICG@?$AAe?$AAn?$AA?9?$AAJ?$AAM?$AA?$AA@ 0000000180014680     LIBCMT:winapinls.obj
 0002:00004690       ??_C@_1M@DNMLCIHB@?$AAe?$AAs?$AA?9?$AAV?$AAE?$AA?$AA@ 0000000180014690     LIBCMT:winapinls.obj
 0002:000046a0       ??_C@_1O@EOKHMKJK@?$AAs?$AAm?$AAs?$AA?9?$AAF?$AAI?$AA?$AA@ 00000001800146a0     LIBCMT:winapinls.obj
 0002:000046b0       ??_C@_1M@CAFJMKOF@?$AAa?$AAr?$AA?9?$AAY?$AAE?$AA?$AA@ 00000001800146b0     LIBCMT:winapinls.obj
 0002:000046c0       ??_C@_1M@CBFHIJLI@?$AAe?$AAn?$AA?9?$AAC?$AAB?$AA?$AA@ 00000001800146c0     LIBCMT:winapinls.obj
 0002:000046d0       ??_C@_1M@BGNFLDN@?$AAe?$AAs?$AA?9?$AAC?$AAO?$AA?$AA@ 00000001800146d0     LIBCMT:winapinls.obj
 0002:000046e0       ??_C@_1O@JMPHMAMC@?$AAs?$AAm?$AAn?$AA?9?$AAF?$AAI?$AA?$AA@ 00000001800146e0     LIBCMT:winapinls.obj
 0002:000046f0       ??_C@_1M@JLANABKE@?$AAa?$AAr?$AA?9?$AAS?$AAY?$AA?$AA@ 00000001800146f0     LIBCMT:winapinls.obj
 0002:00004700       ??_C@_1M@HPKGCFGN@?$AAe?$AAn?$AA?9?$AAB?$AAZ?$AA?$AA@ 0000000180014700     LIBCMT:winapinls.obj
 0002:00004710       ??_C@_1M@OLJCMLGM@?$AAe?$AAs?$AA?9?$AAP?$AAE?$AA?$AA@ 0000000180014710     LIBCMT:winapinls.obj
 0002:00004720       ??_C@_1M@MKKGFKLE@?$AAa?$AAr?$AA?9?$AAJ?$AAO?$AA?$AA@ 0000000180014720     LIBCMT:winapinls.obj
 0002:00004730       ??_C@_1M@EKPGLDNI@?$AAe?$AAn?$AA?9?$AAT?$AAT?$AA?$AA@ 0000000180014730     LIBCMT:winapinls.obj
 0002:00004740       ??_C@_1M@OONGHFHE@?$AAe?$AAs?$AA?9?$AAA?$AAR?$AA?$AA@ 0000000180014740     LIBCMT:winapinls.obj
 0002:00004750       ??_C@_1M@OOJFGBHE@?$AAa?$AAr?$AA?9?$AAL?$AAB?$AA?$AA@ 0000000180014750     LIBCMT:winapinls.obj
 0002:00004760       ??_C@_1M@GCEJHNEG@?$AAe?$AAn?$AA?9?$AAZ?$AAW?$AA?$AA@ 0000000180014760     LIBCMT:winapinls.obj
 0002:00004770       ??_C@_1M@JNOCAHJI@?$AAe?$AAs?$AA?9?$AAE?$AAC?$AA?$AA@ 0000000180014770     LIBCMT:winapinls.obj
 0002:00004780       ??_C@_1M@JEFHPGGB@?$AAa?$AAr?$AA?9?$AAK?$AAW?$AA?$AA@ 0000000180014780     LIBCMT:winapinls.obj
 0002:00004790       ??_C@_1M@MLKIBJOJ@?$AAe?$AAn?$AA?9?$AAP?$AAH?$AA?$AA@ 0000000180014790     LIBCMT:winapinls.obj
 0002:000047a0       ??_C@_1M@BDNIPEND@?$AAe?$AAs?$AA?9?$AAC?$AAL?$AA?$AA@ 00000001800147a0     LIBCMT:winapinls.obj
 0002:000047b0       ??_C@_1M@MPNMEKBD@?$AAa?$AAr?$AA?9?$AAA?$AAE?$AA?$AA@ 00000001800147b0     LIBCMT:winapinls.obj
 0002:000047c0       ??_C@_1M@KBJALCPI@?$AAe?$AAs?$AA?9?$AAU?$AAY?$AA?$AA@ 00000001800147c0     LIBCMT:winapinls.obj
 0002:000047d0       ??_C@_1M@LLCCOAGA@?$AAa?$AAr?$AA?9?$AAB?$AAH?$AA?$AA@ 00000001800147d0     LIBCMT:winapinls.obj
 0002:000047e0       ??_C@_1M@PBFNCDEL@?$AAe?$AAs?$AA?9?$AAP?$AAY?$AA?$AA@ 00000001800147e0     LIBCMT:winapinls.obj
 0002:000047f0       ??_C@_1M@EDGINPNP@?$AAa?$AAr?$AA?9?$AAQ?$AAA?$AA?$AA@ 00000001800147f0     LIBCMT:winapinls.obj
 0002:00004800       ??_C@_1M@MKDBIIJI@?$AAe?$AAs?$AA?9?$AAB?$AAO?$AA?$AA@ 0000000180014800     LIBCMT:winapinls.obj
 0002:00004810       ??_C@_1M@CPKKEBLD@?$AAe?$AAs?$AA?9?$AAS?$AAV?$AA?$AA@ 0000000180014810     LIBCMT:winapinls.obj
 0002:00004820       ??_C@_1M@NDBGMMJL@?$AAe?$AAs?$AA?9?$AAH?$AAN?$AA?$AA@ 0000000180014820     LIBCMT:winapinls.obj
 0002:00004830       ??_C@_1M@JIJIBHDP@?$AAe?$AAs?$AA?9?$AAN?$AAI?$AA?$AA@ 0000000180014830     LIBCMT:winapinls.obj
[...]
 0004:000000fc       $pdata$_stricmp            000000018001b0fc     LIBCMT:stricmp.obj
 0004:00000108       $pdata$_stricmp_l          000000018001b108     LIBCMT:stricmp.obj
 0004:00000114       $pdata$_CRT_INIT           000000018001b114     LIBCMT:dllcrt0.obj
 0004:00000120       $pdata$_DllMainCRTStartup  000000018001b120     LIBCMT:dllcrt0.obj
 0004:0000012c       $pdata$__DllMainCRTStartup 000000018001b12c     LIBCMT:dllcrt0.obj
 0004:00000138       $pdata$_call_reportfault   000000018001b138     LIBCMT:invarg.obj
 0004:00000144       $pdata$_invalid_parameter  000000018001b144     LIBCMT:invarg.obj
 0004:00000150       $pdata$_invalid_parameter_noinfo 000000018001b150     LIBCMT:invarg.obj
 0004:0000015c       $pdata$_invoke_watson      000000018001b15c     LIBCMT:invarg.obj
 0004:00000168       $pdata$_fdopen             000000018001b168     LIBCMT:fdopen.obj
 0004:00000174       $pdata$__doserrno          000000018001b174     LIBCMT:dosmap.obj
 0004:00000180       $pdata$_dosmaperr          000000018001b180     LIBCMT:dosmap.obj
 0004:0000018c       $pdata$_errno              000000018001b18c     LIBCMT:dosmap.obj
 0004:00000198       $pdata$_dupenv_s           000000018001b198     LIBCMT:getenv.obj
 0004:000001a4       $pdata$_getenv_helper_nolock 000000018001b1a4     LIBCMT:getenv.obj
 0004:000001b0       $pdata$free                000000018001b1b0     LIBCMT:free.obj
 0004:000001bc       $pdata$_access_s           000000018001b1bc     LIBCMT:access.obj
 0004:000001c8       $pdata$_close              000000018001b1c8     LIBCMT:close.obj
 0004:000001d4       $pdata$_close_nolock       000000018001b1d4     LIBCMT:close.obj
 0004:000001e0       $pdata$_pipe               000000018001b1e0     LIBCMT:pipe.obj
 0004:000001f8       $pdata$strcpy_s            000000018001b1f8     LIBCMT:strcpy_s.obj
 0004:00000204       $pdata$strcat_s            000000018001b204     LIBCMT:strcat_s.obj
 0004:0000021c       $pdata$_lock               000000018001b21c     LIBCMT:mlock.obj
 0004:00000228       $pdata$_mtdeletelocks      000000018001b228     LIBCMT:mlock.obj
 0004:00000234       $pdata$_mtinitlocknum      000000018001b234     LIBCMT:mlock.obj
 0004:00000240       $pdata$_mtinitlocks        000000018001b240     LIBCMT:mlock.obj
 0004:0000024c       $pdata$_getpath            000000018001b24c     LIBCMT:getpath.obj
 0004:00000258       $pdata$_mbsrchr_l          000000018001b258     LIBCMT:mbsrchr.obj
 0004:00000264       $pdata$_calloc_crt         000000018001b264     LIBCMT:crtheap.obj
 0004:00000270       $pdata$_malloc_crt         000000018001b270     LIBCMT:crtheap.obj
 0004:0000027c       $pdata$_realloc_crt        000000018001b27c     LIBCMT:crtheap.obj
 0004:00000288       $pdata$_recalloc_crt       000000018001b288     LIBCMT:crtheap.obj
 0004:00000294       $pdata$__C_specific_handler 000000018001b294     LIBCMT:chandler.obj
 0004:000002a0       $pdata$_ioinit             000000018001b2a0     LIBCMT:ioinit.obj
 0004:000002ac       $pdata$_ioterm             000000018001b2ac     LIBCMT:ioinit.obj
 0004:000002b8       $pdata$_filbuf             000000018001b2b8     LIBCMT:_filbuf.obj
 0004:000002c4       $pdata$_fileno             000000018001b2c4     LIBCMT:fileno.obj
 0004:000002d0       $pdata$__initstdio         000000018001b2d0     LIBCMT:_file.obj
 0004:000002dc       $pdata$__endstdio          000000018001b2dc     LIBCMT:_file.obj
 0004:000002e8       $pdata$_lock_file          000000018001b2e8     LIBCMT:_file.obj
 0004:000002f4       $pdata$_lock_file2         000000018001b2f4     LIBCMT:_file.obj
 0004:00000300       $pdata$memcpy_s            000000018001b300     LIBCMT:memcpy_s.obj
 0004:0000030c       $pdata$_read               000000018001b30c     LIBCMT:read.obj
 0004:00000318       $pdata$_read_nolock        000000018001b318     LIBCMT:read.obj
 0004:00000324       $pdata$__crtCaptureCurrentContext 000000018001b324     LIBCMT:winapisupp.obj
 0004:00000330       $pdata$__crtCapturePreviousContext 000000018001b330     LIBCMT:winapisupp.obj
 0004:0000033c       $pdata$__crtInitializeCriticalSectionEx 000000018001b33c     LIBCMT:winapisupp.obj
 0004:00000348       $pdata$__crtIsPackagedApp  000000018001b348     LIBCMT:winapisupp.obj
 0004:00000354       $pdata$__crtLoadWinApiPointers 000000018001b354     LIBCMT:winapisupp.obj
 0004:00000360       $pdata$__crtTerminateProcess 000000018001b360     LIBCMT:winapisupp.obj
 0004:0000036c       $pdata$__crtUnhandledException 000000018001b36c     LIBCMT:winapisupp.obj
 0004:00000378       $pdata$_freebuf            000000018001b378     LIBCMT:_freebuf.obj
 0004:00000384       $pdata$_fflush_nolock      000000018001b384     LIBCMT:fflush.obj
 0004:00000390       $pdata$_flush              000000018001b390     LIBCMT:fflush.obj
 0004:0000039c       $pdata$flsall              000000018001b39c     LIBCMT:fflush.obj
 0004:000003a8       $pdata$__freetlocinfo      000000018001b3a8     LIBCMT:localref.obj
 0004:000003b4       $pdata$__updatetlocinfo    000000018001b3b4     LIBCMT:localref.obj
 0004:000003c0       $pdata$_updatetlocinfoEx_nolock 000000018001b3c0     LIBCMT:localref.obj
 0004:000003cc       $pdata$__initmbctable      000000018001b3cc     LIBCMT:mbctype.obj
 0004:000003d8       $pdata$?getSystemCP@@YAHH@Z 000000018001b3d8     LIBCMT:mbctype.obj
 0004:000003e4       $pdata$?setSBCS@@YAXPEAUthreadmbcinfostruct@@@Z 000000018001b3e4     LIBCMT:mbctype.obj
 0004:000003f0       $pdata$?setSBUpLow@@YAXPEAUthreadmbcinfostruct@@@Z 000000018001b3f0     LIBCMT:mbctype.obj
 0004:000003fc       $pdata$__updatetmbcinfo    000000018001b3fc     LIBCMT:mbctype.obj
 0004:00000408       $pdata$_setmbcp            000000018001b408     LIBCMT:mbctype.obj
 0004:00000414       $pdata$_setmbcp_nolock     000000018001b414     LIBCMT:mbctype.obj
 0004:00000420       $pdata$_tolower_l          000000018001b420     LIBCMT:tolower.obj
 0004:0000042c       $pdata$_freefls            000000018001b42c     LIBCMT:tidtable.obj
 0004:00000438       $pdata$_freeptd            000000018001b438     LIBCMT:tidtable.obj
 0004:00000444       $pdata$_getptd             000000018001b444     LIBCMT:tidtable.obj
 0004:00000450       $pdata$_getptd_noexit      000000018001b450     LIBCMT:tidtable.obj
 0004:0000045c       $pdata$_initptd            000000018001b45c     LIBCMT:tidtable.obj
 0004:00000468       $pdata$_mtinit             000000018001b468     LIBCMT:tidtable.obj
 0004:00000474       $pdata$_mtterm             000000018001b474     LIBCMT:tidtable.obj
 0004:00000480       $pdata$_locterm            000000018001b480     LIBCMT:wsetloca.obj
 0004:0000048c       $pdata$_XcptFilter         000000018001b48c     LIBCMT:winxfltr.obj
 0004:00000498       $pdata$__copy_path_to_wide_string 000000018001b498     LIBCMT:crt0dat.obj
 0004:000004a4       $pdata$__crtCorExitProcess 000000018001b4a4     LIBCMT:crt0dat.obj
 0004:000004b0       $pdata$__crtExitProcess    000000018001b4b0     LIBCMT:crt0dat.obj
 0004:000004bc       $pdata$__freeCrtMemory     000000018001b4bc     LIBCMT:crt0dat.obj
 0004:000004c8       $pdata$_amsg_exit          000000018001b4c8     LIBCMT:crt0dat.obj
 0004:000004d4       $pdata$_cinit              000000018001b4d4     LIBCMT:crt0dat.obj
 0004:000004e0       $pdata$_init_pointers      000000018001b4e0     LIBCMT:crt0dat.obj
 0004:000004ec       $pdata$_initterm           000000018001b4ec     LIBCMT:crt0dat.obj
 0004:000004f8       $pdata$_initterm_e         000000018001b4f8     LIBCMT:crt0dat.obj
 0004:00000504       $pdata$doexit              000000018001b504     LIBCMT:crt0dat.obj
 0004:00000510       $pdata$_heap_init          000000018001b510     LIBCMT:heapinit.obj
 0004:0000051c       $pdata$_setargv            000000018001b51c     LIBCMT:stdargv.obj
 0004:00000528       $pdata$parse_cmdline       000000018001b528     LIBCMT:stdargv.obj
 0004:00000534       $pdata$_setenvp            000000018001b534     LIBCMT:stdenvp.obj
 0004:00000540       $pdata$__security_init_cookie 000000018001b540     LIBCMT:gs_support.obj
 0004:0000054c       $pdata$__crtGetEnvironmentStringsA 000000018001b54c     LIBCMT:a_env.obj
 0004:00000558       $pdata$_RTC_Initialize     000000018001b558     LIBCMT:initsect.obj
 0004:00000564       $pdata$_RTC_Terminate      000000018001b564     LIBCMT:initsect.obj
 0004:00000570       $pdata$__GSHandlerCheck    000000018001b570     LIBCMT:gshandler.obj
 0004:0000057c       $pdata$__GSHandlerCheckCommon 000000018001b57c     LIBCMT:gshandler.obj
 0004:00000588       $pdata$_getstream          000000018001b588     LIBCMT:stream.obj
 0004:00000594       $pdata$__wtomb_environ     000000018001b594     LIBCMT:wtombenv.obj
 0004:000005a0       $pdata$calloc              000000018001b5a0     LIBCMT:calloc.obj
 0004:000005ac       $pdata$_mbsnbicoll_l       000000018001b5ac     LIBCMT:mbsnbico.obj
 0004:000005b8       $pdata$_waccess_s          000000018001b5b8     LIBCMT:waccess.obj
 0004:000005c4       $pdata$__lock_fhandle      000000018001b5c4     LIBCMT:osfinfo.obj
 0004:000005d0       $pdata$_alloc_osfhnd       000000018001b5d0     LIBCMT:osfinfo.obj
 0004:000005dc       $pdata$_free_osfhnd        000000018001b5dc     LIBCMT:osfinfo.obj
 0004:000005e8       $pdata$_get_osfhandle      000000018001b5e8     LIBCMT:osfinfo.obj
 0004:000005f4       $pdata$_set_osfhnd         000000018001b5f4     LIBCMT:osfinfo.obj
 0004:00000600       $pdata$_get_fmode          000000018001b600     LIBCMT:setmode.obj
 0004:0000060c       $pdata$__isa_available_init 000000018001b60c     LIBCMT:cpu_disp.obj
 0004:00000618       $pdata$_FF_MSGBANNER       000000018001b618     LIBCMT:crt0msg.obj
 0004:00000624       $pdata$_NMSG_WRITE         000000018001b624     LIBCMT:crt0msg.obj
 0004:00000630       $pdata$strrchr             000000018001b630     LIBCMT:strrchr.obj
 0004:0000063c       $pdata$malloc              000000018001b63c     LIBCMT:malloc.obj
 0004:00000648       $pdata$realloc             000000018001b648     LIBCMT:realloc.obj
 0004:00000654       $pdata$_recalloc           000000018001b654     LIBCMT:recalloc.obj
 0004:00000660       $pdata$_calloc_impl        000000018001b660     LIBCMT:calloc_impl.obj
 0004:0000069c       $pdata$_IsNonwritableInCurrentImage 000000018001b69c     LIBCMT:pesect.obj
 0004:000006a8       $pdata$_getbuf             000000018001b6a8     LIBCMT:_getbuf.obj
 0004:000006b4       $pdata$_fcloseall          000000018001b6b4     LIBCMT:closeall.obj
 0004:000006cc       $pdata$_isatty             000000018001b6cc     LIBCMT:isatty.obj
 0004:000006d8       $pdata$_lseeki64_nolock    000000018001b6d8     LIBCMT:lseeki64.obj
 0004:000006e4       $pdata$_commit             000000018001b6e4     LIBCMT:commit.obj
 0004:000006f0       $pdata$_write              000000018001b6f0     LIBCMT:write.obj
 0004:000006fc       $pdata$_write_nolock       000000018001b6fc     LIBCMT:write.obj
 0004:00000708       $pdata$__free_lconv_mon    000000018001b708     LIBCMT:initmon.obj
 0004:00000714       $pdata$__free_lconv_num    000000018001b714     LIBCMT:initnum.obj
 0004:00000720       $pdata$__free_lc_time      000000018001b720     LIBCMT:inittime.obj
 0004:0000072c       $pdata$?__crtLCMapStringA_stat@@YAHPEAUlocaleinfo_struct@@PEB_WKPEBDHPEADHHH@Z 000000018001b72c     LIBCMT:a_map.obj
 0004:00000738       $pdata$__crtLCMapStringA   000000018001b738     LIBCMT:a_map.obj
 0004:00000744       $pdata$?__crtGetStringTypeA_stat@@YAHPEAUlocaleinfo_struct@@KPEBDHPEAGHH@Z 000000018001b744     LIBCMT:a_str.obj
 0004:00000750       $pdata$__crtGetStringTypeA 000000018001b750     LIBCMT:a_str.obj
 0004:0000075c       $pdata$_isctype_l          000000018001b75c     LIBCMT:isctype.obj
 0004:00000768       $pdata$_isleadbyte_l       000000018001b768     LIBCMT:_wctype.obj
 0004:00000774       $pdata$isleadbyte          000000018001b774     LIBCMT:_wctype.obj
 0004:0000078c       $pdata$wcscat_s            000000018001b78c     LIBCMT:wcscat_s.obj
 0004:00000798       $pdata$wcscpy_s            000000018001b798     LIBCMT:wcscpy_s.obj
 0004:000007a4       $pdata$wcsncpy_s           000000018001b7a4     LIBCMT:wcsncpy_s.obj
 0004:000007b0       $pdata$GetTableIndexFromLocaleName 000000018001b7b0     LIBCMT:winapinls.obj
 0004:000007bc       $pdata$__crtCompareStringEx 000000018001b7bc     LIBCMT:winapinls.obj
 0004:000007c8       $pdata$__crtDownlevelLocaleNameToLCID 000000018001b7c8     LIBCMT:winapinls.obj
 0004:000007d4       $pdata$__crtLCMapStringEx  000000018001b7d4     LIBCMT:winapinls.obj
 0004:000007e0       $pdata$__onexitinit        000000018001b7e0     LIBCMT:onexit.obj
 0004:000007ec       $pdata$_onexit             000000018001b7ec     LIBCMT:onexit.obj
 0004:000007f8       $pdata$atexit              000000018001b7f8     LIBCMT:onexit.obj
 0004:00000804       $pdata$_initp_misc_cfltcvt_tab 000000018001b804     LIBCMT:cmiscdat.obj
 0004:00000810       $pdata$?terminate@@YAXXZ   000000018001b810     LIBCMT:hooks.obj
 0004:0000081c       $pdata$_initp_eh_hooks     000000018001b81c     LIBCMT:hooks.obj
 0004:00000828       $pdata$_callnewh           000000018001b828     LIBCMT:handler.obj
 0004:00000834       $pdata$raise               000000018001b834     LIBCMT:winsig.obj
 0004:00000840       $pdata$?x_ismbbtype_l@@YAHPEAUlocaleinfo_struct@@IHH@Z 000000018001b840     LIBCMT:ismbbyte.obj
 0004:0000084c       $pdata$__crtsetenv         000000018001b84c     LIBCMT:setenv.obj
 0004:00000858       $pdata$_strnicoll_l        000000018001b858     LIBCMT:strnicol.obj
 0004:00000864       $pdata$?__crtCompareStringA_stat@@YAHPEAUlocaleinfo_struct@@PEB_WKPEBDH2HH@Z 000000018001b864     LIBCMT:a_cmp.obj
 0004:00000870       $pdata$__crtCompareStringA 000000018001b870     LIBCMT:a_cmp.obj
 0004:0000087c       $pdata$_set_error_mode     000000018001b87c     LIBCMT:errmode.obj
 0004:00000888       $pdata$__crtMessageBoxW    000000018001b888     LIBCMT:crtmboxw.obj
 0004:00000894       $pdata$_msize              000000018001b894     LIBCMT:msize.obj
 0004:000008a0       $pdata$_mbtowc_l           000000018001b8a0     LIBCMT:mbtowc.obj
 0004:000008ac       $pdata$_putwch_nolock      000000018001b8ac     LIBCMT:putwch.obj
 0004:000008c4       $pdata$abort               000000018001b8c4     LIBCMT:abort.obj
 0004:000008d0       $pdata$_strdup             000000018001b8d0     LIBCMT:strdup.obj
 0004:000008dc       $pdata$_mbschr_l           000000018001b8dc     LIBCMT:mbschr.obj
 0004:000008e8       $pdata$_strnicmp_l         000000018001b8e8     LIBCMT:strnicmp.obj
 0004:000008f4       $pdata$__termconout        000000018001b8f4     LIBCMT:initcon.obj
 0004:00000900       $pdata$__initconout        000000018001b900     LIBCMT:initcon.obj
 0004:0000090c       $pdata$strchr              000000018001b90c     LIBCMT:strchr.obj
 0004:00000918       $pdata$__crt_atoflt_l      000000018001b918     LIBCMT:atodbl.obj
 0004:00000924       $pdata$_atodbl_l           000000018001b924     LIBCMT:atodbl.obj
 0004:00000930       $pdata$_ld12tod            000000018001b930     LIBCMT:intrncvt.obj
 0004:0000093c       $pdata$_ld12tof            000000018001b93c     LIBCMT:intrncvt.obj
 0004:00000948       $pdata$__strgtold12_l      000000018001b948     LIBCMT:strgtold.obj
 0004:00000954       $pdata$_cfltcvt            000000018001b954     LIBCMT:cvt.obj
 0004:00000960       $pdata$_cfltcvt_l          000000018001b960     LIBCMT:cvt.obj
 0004:0000096c       $pdata$_cftoa_l            000000018001b96c     LIBCMT:cvt.obj
 0004:00000978       $pdata$_cftoe2_l           000000018001b978     LIBCMT:cvt.obj
 0004:00000984       $pdata$_cftoe_l            000000018001b984     LIBCMT:cvt.obj
 0004:00000990       $pdata$_cftof2_l           000000018001b990     LIBCMT:cvt.obj
 0004:0000099c       $pdata$_cftof_l            000000018001b99c     LIBCMT:cvt.obj
 0004:000009a8       $pdata$_cftog_l            000000018001b9a8     LIBCMT:cvt.obj
 0004:000009b4       $pdata$_cropzeros_l        000000018001b9b4     LIBCMT:cvt.obj
 0004:000009c0       $pdata$_fassign_l          000000018001b9c0     LIBCMT:cvt.obj
 0004:000009cc       $pdata$_forcdecpt_l        000000018001b9cc     LIBCMT:cvt.obj
 0004:000009d8       $pdata$__mtold12           000000018001b9d8     LIBCMT:mantold.obj
 0004:000009e4       $pdata$isdigit             000000018001b9e4     LIBCMT:_ctype.obj
 0004:000009f0       $pdata$_fptostr            000000018001b9f0     LIBCMT:_fptostr.obj
 0004:000009fc       $pdata$__dtold             000000018001b9fc     LIBCMT:cfout.obj
 0004:00000a08       $pdata$_fltout2            000000018001ba08     LIBCMT:cfout.obj
 0004:00000a14       $pdata$$I10_OUTPUT         000000018001ba14     LIBCMT:x10fout.obj
 0004:00000a20       $pdata$__delayLoadHelper2  000000018001ba20     DelayImp:delayhlp.obj
 0004:00000a38       $pdata$_popen$fin$0        000000018001ba38     LIBCMT:popen.obj
 0004:00000a44       $pdata$fread_s$fin$0       000000018001ba44     LIBCMT:fread.obj
 0004:00000a50       $pdata$fclose$fin$0        000000018001ba50     LIBCMT:fclose.obj
 0004:00000a5c       $pdata$_CRT_INIT$fin$0     000000018001ba5c     LIBCMT:dllcrt0.obj
 0004:00000a68       $pdata$__DllMainCRTStartup$filt$0 000000018001ba68     LIBCMT:dllcrt0.obj
 0004:00000a74       $pdata$_fdopen$fin$0       000000018001ba74     LIBCMT:fdopen.obj
 0004:00000a80       $pdata$_dupenv_s$fin$0     000000018001ba80     LIBCMT:getenv.obj
 0004:00000a8c       $pdata$_close$fin$0        000000018001ba8c     LIBCMT:close.obj
 0004:00000a8c       $pdata$_commit$fin$0       000000018001ba8c     LIBCMT:close.obj
 0004:00000a98       $pdata$_pipe$fin$1         000000018001ba98     LIBCMT:pipe.obj
 0004:00000aa4       $pdata$_pipe$fin$0         000000018001baa4     LIBCMT:pipe.obj
 0004:00000ab0       $pdata$_mtinitlocknum$fin$0 000000018001bab0     LIBCMT:mlock.obj
 0004:00000abc       $pdata$_ioinit$fin$0       000000018001babc     LIBCMT:ioinit.obj
 0004:00000ac8       $pdata$flsall$fin$0        000000018001bac8     LIBCMT:fflush.obj
 0004:00000ad4       $pdata$flsall$fin$1        000000018001bad4     LIBCMT:fflush.obj
 0004:00000ae0       $pdata$__updatetmbcinfo$fin$0 000000018001bae0     LIBCMT:mbctype.obj
 0004:00000ae0       $pdata$_setmbcp$fin$0      000000018001bae0     LIBCMT:mbctype.obj
 0004:00000aec       $pdata$_initptd$fin$1      000000018001baec     LIBCMT:tidtable.obj
 0004:00000aec       $pdata$_freefls$fin$1      000000018001baec     LIBCMT:tidtable.obj
 0004:00000af8       $pdata$_initptd$fin$0      000000018001baf8     LIBCMT:tidtable.obj
 0004:00000af8       $pdata$_freefls$fin$0      000000018001baf8     LIBCMT:tidtable.obj
 0004:00000b04       $pdata$__updatetlocinfo$fin$0 000000018001bb04     LIBCMT:wsetloca.obj
 0004:00000b04       $pdata$_locterm$fin$0      000000018001bb04     LIBCMT:wsetloca.obj
 0004:00000b10       $pdata$doexit$fin$0        000000018001bb10     LIBCMT:crt0dat.obj
 0004:00000b1c       $pdata$__lock_fhandle$fin$0 000000018001bb1c     LIBCMT:osfinfo.obj
 0004:00000b28       $pdata$_alloc_osfhnd$fin$0 000000018001bb28     LIBCMT:osfinfo.obj
 0004:00000b34       $pdata$_alloc_osfhnd$fin$1 000000018001bb34     LIBCMT:osfinfo.obj
 0004:00000b40       $pdata$_IsNonwritableInCurrentImage$filt$0 000000018001bb40     LIBCMT:pesect.obj
 0004:00000b4c       $pdata$_fcloseall$fin$0    000000018001bb4c     LIBCMT:closeall.obj
 0004:00000b4c       $pdata$_getstream$fin$0    000000018001bb4c     LIBCMT:closeall.obj
 0004:00000b58       $pdata$_read$fin$0         000000018001bb58     LIBCMT:write.obj
 0004:00000b58       $pdata$_write$fin$0        000000018001bb58     LIBCMT:write.obj
 0004:00000b64       $pdata$_onexit$fin$0       000000018001bb64     LIBCMT:onexit.obj
 0004:00000b70       $pdata$raise$fin$0         000000018001bb70     LIBCMT:winsig.obj
 0005:00000060       $R000000                   000000018001c060     * linker generated manifest res *

 Exports

  ordinal    name

        1    _register_addon_
